Archive member included to satisfy reference by file (symbol)

c:/program files (x86)/atollic/truestudio for stm32 9.0.1/armtools/bin/../lib/gcc/arm-atollic-eabi/6.3.1/../../../../arm-atollic-eabi/lib/armv7e-m/softfp\libc_nano.a(lib_a-init.o)
                              src\startup_stm32f4xx.o (__libc_init_array)
c:/program files (x86)/atollic/truestudio for stm32 9.0.1/armtools/bin/../lib/gcc/arm-atollic-eabi/6.3.1/../../../../arm-atollic-eabi/lib/armv7e-m/softfp\libc_nano.a(lib_a-memcpy-stub.o)
                              FreeRTOS_Source\queue.o (memcpy)
c:/program files (x86)/atollic/truestudio for stm32 9.0.1/armtools/bin/../lib/gcc/arm-atollic-eabi/6.3.1/../../../../arm-atollic-eabi/lib/armv7e-m/softfp\libc_nano.a(lib_a-memset.o)
                              FreeRTOS_Source\tasks.o (memset)
c:/program files (x86)/atollic/truestudio for stm32 9.0.1/armtools/bin/../lib/gcc/arm-atollic-eabi/6.3.1/../../../../arm-atollic-eabi/lib/armv7e-m/softfp\libnosys.a(write.o)
                              src\tiny_printf.o (_write)
c:/program files (x86)/atollic/truestudio for stm32 9.0.1/armtools/bin/../lib/gcc/arm-atollic-eabi/6.3.1/../../../../arm-atollic-eabi/lib/armv7e-m/softfp\libnosys.a(errno.o)
                              c:/program files (x86)/atollic/truestudio for stm32 9.0.1/armtools/bin/../lib/gcc/arm-atollic-eabi/6.3.1/../../../../arm-atollic-eabi/lib/armv7e-m/softfp\libnosys.a(write.o) (errno)

Allocating common symbols
Common symbol       size              file

CurrentPos          0x4               Utilities\STM32F4-Discovery\stm32f4_discovery_audio_codec.o
errno               0x4               c:/program files (x86)/atollic/truestudio for stm32 9.0.1/armtools/bin/../lib/gcc/arm-atollic-eabi/6.3.1/../../../../arm-atollic-eabi/lib/armv7e-m/softfp\libnosys.a(errno.o)
xQueueRegistry      0x40              FreeRTOS_Source\queue.o
USART2_RX_BUF       0xc8              src\Bluetooth.o
AUDIO_MAL_DMA_InitStructure
                    0x3c              Utilities\STM32F4-Discovery\stm32f4_discovery_audio_codec.o
NVIC_InitStructure  0x4               Utilities\STM32F4-Discovery\stm32f4_discovery.o
DMA_InitStructure   0x3c              Utilities\STM32F4-Discovery\stm32f4_discovery_audio_codec.o

Discarded input sections

 .text          0x00000000        0x0 c:/program files (x86)/atollic/truestudio for stm32 9.0.1/armtools/bin/../lib/gcc/arm-atollic-eabi/6.3.1/armv7e-m/softfp/crti.o
 .data          0x00000000        0x0 c:/program files (x86)/atollic/truestudio for stm32 9.0.1/armtools/bin/../lib/gcc/arm-atollic-eabi/6.3.1/armv7e-m/softfp/crti.o
 .bss           0x00000000        0x0 c:/program files (x86)/atollic/truestudio for stm32 9.0.1/armtools/bin/../lib/gcc/arm-atollic-eabi/6.3.1/armv7e-m/softfp/crti.o
 .data          0x00000000        0x4 c:/program files (x86)/atollic/truestudio for stm32 9.0.1/armtools/bin/../lib/gcc/arm-atollic-eabi/6.3.1/armv7e-m/softfp/crtbegin.o
 .text          0x00000000        0x0 FreeRTOS_Source\croutine.o
 .data          0x00000000        0x0 FreeRTOS_Source\croutine.o
 .bss           0x00000000        0x0 FreeRTOS_Source\croutine.o
 .debug_info    0x00000000       0x9a FreeRTOS_Source\croutine.o
 .debug_abbrev  0x00000000       0x44 FreeRTOS_Source\croutine.o
 .debug_aranges
                0x00000000       0x18 FreeRTOS_Source\croutine.o
 .debug_line    0x00000000      0x11d FreeRTOS_Source\croutine.o
 .debug_str     0x00000000      0x1e6 FreeRTOS_Source\croutine.o
 .comment       0x00000000       0x7d FreeRTOS_Source\croutine.o
 .ARM.attributes
                0x00000000       0x37 FreeRTOS_Source\croutine.o
 .text          0x00000000        0x0 FreeRTOS_Source\event_groups.o
 .data          0x00000000        0x0 FreeRTOS_Source\event_groups.o
 .bss           0x00000000        0x0 FreeRTOS_Source\event_groups.o
 .text.xEventGroupCreate
                0x00000000       0x2e FreeRTOS_Source\event_groups.o
 .text.xEventGroupSync
                0x00000000      0x154 FreeRTOS_Source\event_groups.o
 .text.xEventGroupWaitBits
                0x00000000      0x190 FreeRTOS_Source\event_groups.o
 .text.xEventGroupClearBits
                0x00000000       0x6c FreeRTOS_Source\event_groups.o
 .text.xEventGroupGetBitsFromISR
                0x00000000       0x46 FreeRTOS_Source\event_groups.o
 .text.xEventGroupSetBits
                0x00000000      0x112 FreeRTOS_Source\event_groups.o
 .text.vEventGroupDelete
                0x00000000       0x60 FreeRTOS_Source\event_groups.o
 .text.vEventGroupSetBitsCallback
                0x00000000       0x1a FreeRTOS_Source\event_groups.o
 .text.vEventGroupClearBitsCallback
                0x00000000       0x1a FreeRTOS_Source\event_groups.o
 .text.prvTestWaitCondition
                0x00000000       0x44 FreeRTOS_Source\event_groups.o
 .debug_info    0x00000000     0x1094 FreeRTOS_Source\event_groups.o
 .debug_abbrev  0x00000000      0x2d0 FreeRTOS_Source\event_groups.o
 .debug_aranges
[...]
Memory Configuration

Name             Origin             Length             Attributes
FLASH            0x08000000         0x00100000         xr
RAM              0x20000000         0x00020000         xrw
MEMORY_B1        0x60000000         0x00000000         xr
CCMRAM           0x10000000         0x00010000         rw
*default*        0x00000000         0xffffffff

Linker script and memory map

LOAD c:/program files (x86)/atollic/truestudio for stm32 9.0.1/armtools/bin/../lib/gcc/arm-atollic-eabi/6.3.1/armv7e-m/softfp/crti.o
LOAD c:/program files (x86)/atollic/truestudio for stm32 9.0.1/armtools/bin/../lib/gcc/arm-atollic-eabi/6.3.1/armv7e-m/softfp/crtbegin.o
LOAD FreeRTOS_Source\croutine.o
LOAD FreeRTOS_Source\event_groups.o
LOAD FreeRTOS_Source\list.o
LOAD FreeRTOS_Source\portable\GCC\ARM_CM4F\port.o
LOAD FreeRTOS_Source\portable\MemMang\heap_1.o
LOAD FreeRTOS_Source\queue.o
LOAD FreeRTOS_Source\tasks.o
LOAD FreeRTOS_Source\timers.o
LOAD Libraries\STM32F4xx_StdPeriph_Driver\src\misc.o
LOAD Libraries\STM32F4xx_StdPeriph_Driver\src\stm32f4xx_adc.o
LOAD Libraries\STM32F4xx_StdPeriph_Driver\src\stm32f4xx_can.o
LOAD Libraries\STM32F4xx_StdPeriph_Driver\src\stm32f4xx_crc.o
LOAD Libraries\STM32F4xx_StdPeriph_Driver\src\stm32f4xx_cryp.o
LOAD Libraries\STM32F4xx_StdPeriph_Driver\src\stm32f4xx_cryp_aes.o
LOAD Libraries\STM32F4xx_StdPeriph_Driver\src\stm32f4xx_cryp_des.o
LOAD Libraries\STM32F4xx_StdPeriph_Driver\src\stm32f4xx_cryp_tdes.o
LOAD Libraries\STM32F4xx_StdPeriph_Driver\src\stm32f4xx_dac.o
LOAD Libraries\STM32F4xx_StdPeriph_Driver\src\stm32f4xx_dbgmcu.o
LOAD Libraries\STM32F4xx_StdPeriph_Driver\src\stm32f4xx_dcmi.o
LOAD Libraries\STM32F4xx_StdPeriph_Driver\src\stm32f4xx_dma.o
LOAD Libraries\STM32F4xx_StdPeriph_Driver\src\stm32f4xx_exti.o
LOAD Libraries\STM32F4xx_StdPeriph_Driver\src\stm32f4xx_flash.o
LOAD Libraries\STM32F4xx_StdPeriph_Driver\src\stm32f4xx_fsmc.o
LOAD Libraries\STM32F4xx_StdPeriph_Driver\src\stm32f4xx_gpio.o
LOAD Libraries\STM32F4xx_StdPeriph_Driver\src\stm32f4xx_hash.o
LOAD Libraries\STM32F4xx_StdPeriph_Driver\src\stm32f4xx_hash_md5.o
LOAD Libraries\STM32F4xx_StdPeriph_Driver\src\stm32f4xx_hash_sha1.o
LOAD Libraries\STM32F4xx_StdPeriph_Driver\src\stm32f4xx_i2c.o
LOAD Libraries\STM32F4xx_StdPeriph_Driver\src\stm32f4xx_iwdg.o
LOAD Libraries\STM32F4xx_StdPeriph_Driver\src\stm32f4xx_pwr.o
LOAD Libraries\STM32F4xx_StdPeriph_Driver\src\stm32f4xx_rcc.o
LOAD Libraries\STM32F4xx_StdPeriph_Driver\src\stm32f4xx_rng.o
LOAD Libraries\STM32F4xx_StdPeriph_Driver\src\stm32f4xx_rtc.o
LOAD Libraries\STM32F4xx_StdPeriph_Driver\src\stm32f4xx_sdio.o
LOAD Libraries\STM32F4xx_StdPeriph_Driver\src\stm32f4xx_spi.o
LOAD Libraries\STM32F4xx_StdPeriph_Driver\src\stm32f4xx_syscfg.o
LOAD Libraries\STM32F4xx_StdPeriph_Driver\src\stm32f4xx_tim.o
LOAD Libraries\STM32F4xx_StdPeriph_Driver\src\stm32f4xx_usart.o
LOAD Libraries\STM32F4xx_StdPeriph_Driver\src\stm32f4xx_wwdg.o
LOAD Utilities\STM32F4-Discovery\stm32f4_discovery.o
LOAD Utilities\STM32F4-Discovery\stm32f4_discovery_audio_codec.o
LOAD Utilities\STM32F4-Discovery\stm32f4_discovery_lis302dl.o
LOAD src\Bluetooth.o
LOAD src\LEDTest.o
LOAD src\Motor.o
LOAD src\STM32F4-Discovery_callback.o
LOAD src\main.o
LOAD src\startup_stm32f4xx.o
LOAD src\stm32f4xx_it.o
LOAD src\system_stm32f4xx.o
LOAD src\tiny_printf.o
LOAD c:/program files (x86)/atollic/truestudio for stm32 9.0.1/armtools/bin/../lib/gcc/arm-atollic-eabi/6.3.1/../../../../arm-atollic-eabi/lib/armv7e-m/softfp\libm.a
                0x00000080                malloc_getpagesize_P = 0x80
START GROUP
LOAD c:/program files (x86)/atollic/truestudio for stm32 9.0.1/armtools/bin/../lib/gcc/arm-atollic-eabi/6.3.1/../../../../arm-atollic-eabi/lib/armv7e-m/softfp\libc_nano.a
LOAD c:/program files (x86)/atollic/truestudio for stm32 9.0.1/armtools/bin/../lib/gcc/arm-atollic-eabi/6.3.1/../../../../arm-atollic-eabi/lib/armv7e-m/softfp\libm.a
END GROUP
START GROUP
LOAD c:/program files (x86)/atollic/truestudio for stm32 9.0.1/armtools/bin/../lib/gcc/arm-atollic-eabi/6.3.1/armv7e-m/softfp\libgcc.a
LOAD c:/program files (x86)/atollic/truestudio for stm32 9.0.1/armtools/bin/../lib/gcc/arm-atollic-eabi/6.3.1/../../../../arm-atollic-eabi/lib/armv7e-m/softfp\libc_nano.a
END GROUP
START GROUP
LOAD c:/program files (x86)/atollic/truestudio for stm32 9.0.1/armtools/bin/../lib/gcc/arm-atollic-eabi/6.3.1/armv7e-m/softfp\libgcc.a
LOAD c:/program files (x86)/atollic/truestudio for stm32 9.0.1/armtools/bin/../lib/gcc/arm-atollic-eabi/6.3.1/../../../../arm-atollic-eabi/lib/armv7e-m/softfp\libc_nano.a
LOAD c:/program files (x86)/atollic/truestudio for stm32 9.0.1/armtools/bin/../lib/gcc/arm-atollic-eabi/6.3.1/../../../../arm-atollic-eabi/lib/armv7e-m/softfp\libnosys.a
END GROUP
START GROUP
LOAD c:/program files (x86)/atollic/truestudio for stm32 9.0.1/armtools/bin/../lib/gcc/arm-atollic-eabi/6.3.1/armv7e-m/softfp\libgcc.a
LOAD c:/program files (x86)/atollic/truestudio for stm32 9.0.1/armtools/bin/../lib/gcc/arm-atollic-eabi/6.3.1/../../../../arm-atollic-eabi/lib/armv7e-m/softfp\libc_nano.a
LOAD c:/program files (x86)/atollic/truestudio for stm32 9.0.1/armtools/bin/../lib/gcc/arm-atollic-eabi/6.3.1/../../../../arm-atollic-eabi/lib/armv7e-m/softfp\libnosys.a
END GROUP
LOAD c:/program files (x86)/atollic/truestudio for stm32 9.0.1/armtools/bin/../lib/gcc/arm-atollic-eabi/6.3.1/armv7e-m/softfp/crtend.o
LOAD c:/program files (x86)/atollic/truestudio for stm32 9.0.1/armtools/bin/../lib/gcc/arm-atollic-eabi/6.3.1/armv7e-m/softfp/crtn.o
                0x20020000                _estack = 0x20020000
                0x00000000                _Min_Heap_Size = 0x0
                0x00000400                _Min_Stack_Size = 0x400

.isr_vector     0x08000000      0x188
                0x08000000                . = ALIGN (0x4)
 *(.isr_vector)
 .isr_vector    0x08000000      0x188 src\startup_stm32f4xx.o
                0x08000000                g_pfnVectors
                0x08000188                . = ALIGN (0x4)

.text           0x08000190     0x3bb8
                0x08000190                . = ALIGN (0x4)
 *(.text)
 .text          0x08000190       0x40 c:/program files (x86)/atollic/truestudio for stm32 9.0.1/armtools/bin/../lib/gcc/arm-atollic-eabi/6.3.1/armv7e-m/softfp/crtbegin.o
 *(.text*)
 .text.vListInitialise
                0x080001d0       0x40 FreeRTOS_Source\list.o
                0x080001d0                vListInitialise
 .text.vListInitialiseItem
                0x08000210       0x1a FreeRTOS_Source\list.o
                0x08000210                vListInitialiseItem
 .text.vListInsertEnd
                0x0800022a       0x48 FreeRTOS_Source\list.o
                0x0800022a                vListInsertEnd
 .text.vListInsert
                0x08000272       0x72 FreeRTOS_Source\list.o
                0x08000272                vListInsert
 .text.uxListRemove
                0x080002e4       0x54 FreeRTOS_Source\list.o
                0x080002e4                uxListRemove
 .text.pxPortInitialiseStack
                0x08000338       0x68 FreeRTOS_Source\portable\GCC\ARM_CM4F\port.o
                0x08000338                pxPortInitialiseStack
 .text.prvTaskExitError
                0x080003a0       0x3c FreeRTOS_Source\portable\GCC\ARM_CM4F\port.o
 *fill*         0x080003dc        0x4 
 .text.SVC_Handler
                0x080003e0       0x28 FreeRTOS_Source\portable\GCC\ARM_CM4F\port.o
                0x080003e0                SVC_Handler
 .text.prvPortStartFirstTask
                0x08000408       0x20 FreeRTOS_Source\portable\GCC\ARM_CM4F\port.o
 .text.xPortStartScheduler
                0x08000428      0x118 FreeRTOS_Source\portable\GCC\ARM_CM4F\port.o
                0x08000428                xPortStartScheduler
 .text.vPortEnterCritical
                0x08000540       0x5c FreeRTOS_Source\portable\GCC\ARM_CM4F\port.o
                0x08000540                vPortEnterCritical
 .text.vPortExitCritical
                0x0800059c       0x50 FreeRTOS_Source\portable\GCC\ARM_CM4F\port.o
                0x0800059c                vPortExitCritical
 *fill*         0x080005ec        0x4 
 .text.PendSV_Handler
                0x080005f0       0x68 FreeRTOS_Source\portable\GCC\ARM_CM4F\port.o
                0x080005f0                PendSV_Handler
 .text.SysTick_Handler
                0x08000658       0x40 FreeRTOS_Source\portable\GCC\ARM_CM4F\port.o
                0x08000658                SysTick_Handler
 .text.vPortSetupTimerInterrupt
                0x08000698       0x38 FreeRTOS_Source\portable\GCC\ARM_CM4F\port.o
                0x08000698                vPortSetupTimerInterrupt
 .text.vPortEnableVFP
                0x080006d0       0x14 FreeRTOS_Source\portable\GCC\ARM_CM4F\port.o
 .text.vPortValidateInterruptPriority
                0x080006e4       0x7c FreeRTOS_Source\portable\GCC\ARM_CM4F\port.o
                0x080006e4                vPortValidateInterruptPriority
 .text.pvPortMalloc
                0x08000760       0x94 FreeRTOS_Source\portable\MemMang\heap_1.o
                0x08000760                pvPortMalloc
 .text.vPortFree
                0x080007f4       0x2e FreeRTOS_Source\portable\MemMang\heap_1.o
                0x080007f4                vPortFree
 *fill*         0x08000822        0x2 
 .text.xPortGetFreeHeapSize
                0x08000824       0x1c FreeRTOS_Source\portable\MemMang\heap_1.o
                0x08000824                xPortGetFreeHeapSize
 .text.xQueueGenericReset
                0x08000840       0xd0 FreeRTOS_Source\queue.o
                0x08000840                xQueueGenericReset
 .text.xQueueGenericCreate
                0x08000910       0x72 FreeRTOS_Source\queue.o
                0x08000910                xQueueGenericCreate
 .text.prvInitialiseNewQueue
                0x08000982       0x3e FreeRTOS_Source\queue.o
 .text.xQueueGenericSend
                0x080009c0      0x1f4 FreeRTOS_Source\queue.o
                0x080009c0                xQueueGenericSend
 .text.xQueueGenericSendFromISR
                0x08000bb4      0x128 FreeRTOS_Source\queue.o
                0x08000bb4                xQueueGenericSendFromISR
 .text.xQueueGiveFromISR
                0x08000cdc      0x112 FreeRTOS_Source\queue.o
                0x08000cdc                xQueueGiveFromISR
 *fill*         0x08000dee        0x2 
 .text.xQueueGenericReceive
                0x08000df0      0x224 FreeRTOS_Source\queue.o
                0x08000df0                xQueueGenericReceive
 .text.prvCopyDataToQueue
                0x08001014       0xd4 FreeRTOS_Source\queue.o
 .text.prvCopyDataFromQueue
                0x080010e8       0x4c FreeRTOS_Source\queue.o
 .text.prvUnlockQueue
                0x08001134       0xa4 FreeRTOS_Source\queue.o
 .text.prvIsQueueEmpty
                0x080011d8       0x2c FreeRTOS_Source\queue.o
 .text.prvIsQueueFull
                0x08001204       0x30 FreeRTOS_Source\queue.o
 .text.vQueueAddToRegistry
                0x08001234       0x50 FreeRTOS_Source\queue.o
                0x08001234                vQueueAddToRegistry
 .text.vQueueWaitForMessageRestricted
                0x08001284       0x68 FreeRTOS_Source\queue.o
                0x08001284                vQueueWaitForMessageRestricted
 .text.xTaskCreate
                0x080012ec       0x82 FreeRTOS_Source\tasks.o
                0x080012ec                xTaskCreate
 .text.prvInitialiseNewTask
                0x0800136e      0x10c FreeRTOS_Source\tasks.o
 *fill*         0x0800147a        0x2 
 .text.prvAddNewTaskToReadyList
                0x0800147c       0xd4 FreeRTOS_Source\tasks.o
 .text.vTaskStartScheduler
                0x08001550       0x98 FreeRTOS_Source\tasks.o
                0x08001550                vTaskStartScheduler
 .text.vTaskSuspendAll
                0x080015e8       0x1c FreeRTOS_Source\tasks.o
                0x080015e8                vTaskSuspendAll
 .text.xTaskResumeAll
                0x08001604      0x138 FreeRTOS_Source\tasks.o
                0x08001604                xTaskResumeAll
 .text.xTaskGetTickCount
                0x0800173c       0x20 FreeRTOS_Source\tasks.o
                0x0800173c                xTaskGetTickCount
 .text.xTaskIncrementTick
                0x0800175c      0x188 FreeRTOS_Source\tasks.o
                0x0800175c                xTaskIncrementTick
 .text.vTaskSwitchContext
                0x080018e4      0x100 FreeRTOS_Source\tasks.o
                0x080018e4                vTaskSwitchContext
 .text.vTaskPlaceOnEventList
                0x080019e4       0x48 FreeRTOS_Source\tasks.o
                0x080019e4                vTaskPlaceOnEventList
 .text.vTaskPlaceOnEventListRestricted
                0x08001a2c       0x54 FreeRTOS_Source\tasks.o
                0x08001a2c                vTaskPlaceOnEventListRestricted
 .text.xTaskRemoveFromEventList
                0x08001a80       0xc4 FreeRTOS_Source\tasks.o
                0x08001a80                xTaskRemoveFromEventList
 .text.vTaskSetTimeOutState
                0x08001b44       0x48 FreeRTOS_Source\tasks.o
                0x08001b44                vTaskSetTimeOutState
 .text.xTaskCheckForTimeOut
                0x08001b8c       0xbc FreeRTOS_Source\tasks.o
                0x08001b8c                xTaskCheckForTimeOut
 .text.vTaskMissedYield
                0x08001c48       0x18 FreeRTOS_Source\tasks.o
                0x08001c48                vTaskMissedYield
 .text.prvIdleTask
                0x08001c60       0x34 FreeRTOS_Source\tasks.o
 .text.prvInitialiseTaskLists
                0x08001c94       0x80 FreeRTOS_Source\tasks.o
 .text.prvCheckTasksWaitingTermination
                0x08001d14       0x78 FreeRTOS_Source\tasks.o
 .text.prvDeleteTCB
                0x08001d8c       0x20 FreeRTOS_Source\tasks.o
 .text.prvResetNextTaskUnblockTime
                0x08001dac       0x4c FreeRTOS_Source\tasks.o
 .text.xTaskGetSchedulerState
                0x08001df8       0x3c FreeRTOS_Source\tasks.o
                0x08001df8                xTaskGetSchedulerState
 .text.vTaskPriorityInherit
                0x08001e34       0xec FreeRTOS_Source\tasks.o
                0x08001e34                vTaskPriorityInherit
 .text.xTaskPriorityDisinherit
                0x08001f20      0x108 FreeRTOS_Source\tasks.o
                0x08001f20                xTaskPriorityDisinherit
 .text.pvTaskIncrementMutexHeldCount
                0x08002028       0x28 FreeRTOS_Source\tasks.o
                0x08002028                pvTaskIncrementMutexHeldCount
 .text.prvAddCurrentTaskToDelayedList
                0x08002050       0xcc FreeRTOS_Source\tasks.o
 .text.xTimerCreateTimerTask
                0x0800211c       0x64 FreeRTOS_Source\timers.o
                0x0800211c                xTimerCreateTimerTask
 .text.xTimerCreate
                0x08002180       0x3a FreeRTOS_Source\timers.o
                0x08002180                xTimerCreate
 .text.prvInitialiseNewTimer
                0x080021ba       0x62 FreeRTOS_Source\timers.o
 .text.xTimerGenericCommand
                0x0800221c       0x98 FreeRTOS_Source\timers.o
                0x0800221c                xTimerGenericCommand
 .text.prvProcessExpiredTimer
                0x080022b4       0x80 FreeRTOS_Source\timers.o
 .text.prvTimerTask
                0x08002334       0x24 FreeRTOS_Source\timers.o
 .text.prvProcessTimerOrBlockTask
                0x08002358       0x9c FreeRTOS_Source\timers.o
 .text.prvGetNextExpireTime
                0x080023f4       0x48 FreeRTOS_Source\timers.o
 .text.prvSampleTimeNow
                0x0800243c       0x40 FreeRTOS_Source\timers.o
 .text.prvInsertTimerInActiveList
                0x0800247c       0x84 FreeRTOS_Source\timers.o
 .text.prvProcessReceivedCommands
                0x08002500      0x124 FreeRTOS_Source\timers.o
 .text.prvSwitchTimerLists
                0x08002624       0xc0 FreeRTOS_Source\timers.o
 .text.prvCheckForValidListAndQueue
                0x080026e4       0x6c FreeRTOS_Source\timers.o
 .text.NVIC_Init
                0x08002750       0xc4 Libraries\STM32F4xx_StdPeriph_Driver\src\misc.o
                0x08002750                NVIC_Init
 .text.DAC_SetChannel1Data
                0x08002814       0x38 Libraries\STM32F4xx_StdPeriph_Driver\src\stm32f4xx_dac.o
                0x08002814                DAC_SetChannel1Data
 .text.DMA_Init
                0x0800284c       0xb0 Libraries\STM32F4xx_StdPeriph_Driver\src\stm32f4xx_dma.o
                0x0800284c                DMA_Init
 .text.DMA_Cmd  0x080028fc       0x38 Libraries\STM32F4xx_StdPeriph_Driver\src\stm32f4xx_dma.o
                0x080028fc                DMA_Cmd
 .text.DMA_GetCmdStatus
                0x08002934       0x30 Libraries\STM32F4xx_StdPeriph_Driver\src\stm32f4xx_dma.o
                0x08002934                DMA_GetCmdStatus
 .text.DMA_GetFlagStatus
                0x08002964       0x78 Libraries\STM32F4xx_StdPeriph_Driver\src\stm32f4xx_dma.o
                0x08002964                DMA_GetFlagStatus
 .text.DMA_ClearFlag
                0x080029dc       0x5c Libraries\STM32F4xx_StdPeriph_Driver\src\stm32f4xx_dma.o
                0x080029dc                DMA_ClearFlag
 .text.EXTI_Init
                0x08002a38       0xe4 Libraries\STM32F4xx_StdPeriph_Driver\src\stm32f4xx_exti.o
                0x08002a38                EXTI_Init
 .text.GPIO_Init
                0x08002b1c      0x11c Libraries\STM32F4xx_StdPeriph_Driver\src\stm32f4xx_gpio.o
                0x08002b1c                GPIO_Init
 .text.GPIO_SetBits
                0x08002c38       0x1e Libraries\STM32F4xx_StdPeriph_Driver\src\stm32f4xx_gpio.o
                0x08002c38                GPIO_SetBits
 .text.GPIO_ResetBits
                0x08002c56       0x1e Libraries\STM32F4xx_StdPeriph_Driver\src\stm32f4xx_gpio.o
                0x08002c56                GPIO_ResetBits
 .text.GPIO_PinAFConfig
                0x08002c74       0x92 Libraries\STM32F4xx_StdPeriph_Driver\src\stm32f4xx_gpio.o
                0x08002c74                GPIO_PinAFConfig
 *fill*         0x08002d06        0x2 
 .text.RCC_GetClocksFreq
                0x08002d08      0x150 Libraries\STM32F4xx_StdPeriph_Driver\src\stm32f4xx_rcc.o
                0x08002d08                RCC_GetClocksFreq
 .text.RCC_AHB1PeriphClockCmd
                0x08002e58       0x40 Libraries\STM32F4xx_StdPeriph_Driver\src\stm32f4xx_rcc.o
                0x08002e58                RCC_AHB1PeriphClockCmd
 .text.RCC_APB1PeriphClockCmd
                0x08002e98       0x40 Libraries\STM32F4xx_StdPeriph_Driver\src\stm32f4xx_rcc.o
                0x08002e98                RCC_APB1PeriphClockCmd
 .text.RCC_APB2PeriphClockCmd
                0x08002ed8       0x40 Libraries\STM32F4xx_StdPeriph_Driver\src\stm32f4xx_rcc.o
                0x08002ed8                RCC_APB2PeriphClockCmd
 .text.SPI_I2S_SendData
                0x08002f18       0x1e Libraries\STM32F4xx_StdPeriph_Driver\src\stm32f4xx_spi.o
                0x08002f18                SPI_I2S_SendData
 .text.SPI_I2S_GetFlagStatus
                0x08002f36       0x38 Libraries\STM32F4xx_StdPeriph_Driver\src\stm32f4xx_spi.o
                0x08002f36                SPI_I2S_GetFlagStatus
 *fill*         0x08002f6e        0x2 
 .text.SYSCFG_EXTILineConfig
                0x08002f70       0x84 Libraries\STM32F4xx_StdPeriph_Driver\src\stm32f4xx_syscfg.o
                0x08002f70                SYSCFG_EXTILineConfig
 .text.USART_Init
                0x08002ff4      0x174 Libraries\STM32F4xx_StdPeriph_Driver\src\stm32f4xx_usart.o
                0x08002ff4                USART_Init
 .text.USART_Cmd
                0x08003168       0x40 Libraries\STM32F4xx_StdPeriph_Driver\src\stm32f4xx_usart.o
                0x08003168                USART_Cmd
 .text.USART_ReceiveData
                0x080031a8       0x20 Libraries\STM32F4xx_StdPeriph_Driver\src\stm32f4xx_usart.o
                0x080031a8                USART_ReceiveData
 .text.USART_ITConfig
                0x080031c8       0x90 Libraries\STM32F4xx_StdPeriph_Driver\src\stm32f4xx_usart.o
                0x080031c8                USART_ITConfig
 .text.USART_GetITStatus
                0x08003258       0xb6 Libraries\STM32F4xx_StdPeriph_Driver\src\stm32f4xx_usart.o
                0x08003258                USART_GetITStatus
 *fill*         0x0800330e        0x2 
 .text.STM_EVAL_LEDInit
                0x08003310       0x5c Utilities\STM32F4-Discovery\stm32f4_discovery.o
                0x08003310                STM_EVAL_LEDInit
 .text.STM_EVAL_LEDOn
                0x0800336c       0x30 Utilities\STM32F4-Discovery\stm32f4_discovery.o
                0x0800336c                STM_EVAL_LEDOn
 .text.STM_EVAL_LEDOff
                0x0800339c       0x30 Utilities\STM32F4-Discovery\stm32f4_discovery.o
                0x0800339c                STM_EVAL_LEDOff
 .text.STM_EVAL_PBInit
                0x080033cc       0x98 Utilities\STM32F4-Discovery\stm32f4_discovery.o
                0x080033cc                STM_EVAL_PBInit
 .text.Audio_MAL_IRQHandler
                0x08003464      0x100 Utilities\STM32F4-Discovery\stm32f4_discovery_audio_codec.o
 .text.DMA1_Stream7_IRQHandler
                0x08003564        0xc Utilities\STM32F4-Discovery\stm32f4_discovery_audio_codec.o
                0x08003564                DMA1_Stream7_IRQHandler
 .text.DMA1_Stream0_IRQHandler
                0x08003570        0xc Utilities\STM32F4-Discovery\stm32f4_discovery_audio_codec.o
                0x08003570                DMA1_Stream0_IRQHandler
 .text.SPI3_IRQHandler
                0x0800357c       0x44 Utilities\STM32F4-Discovery\stm32f4_discovery_audio_codec.o
                0x0800357c                SPI3_IRQHandler
 .text.bluetooth_init
                0x080035c0       0xb8 src\Bluetooth.o
                0x080035c0                bluetooth_init
 .text.USART2_IRQHandler
                0x08003678       0xac src\Bluetooth.o
                0x08003678                USART2_IRQHandler
 .text.LEDInit  0x08003724       0x40 src\LEDTest.o
                0x08003724                LEDInit
 .text.LEDOn    0x08003764       0x1a src\LEDTest.o
                0x08003764                LEDOn
 .text.LEDOff   0x0800377e       0x1a src\LEDTest.o
                0x0800377e                LEDOff
 .text.Motor_12_Config
                0x08003798       0x40 src\Motor.o
                0x08003798                Motor_12_Config
 .text.Motor_1_STOP
                0x080037d8       0x1c src\Motor.o
                0x080037d8                Motor_1_STOP
 .text.Motor_1_PRun
                0x080037f4       0x1c src\Motor.o
                0x080037f4                Motor_1_PRun
 .text.Motor_1_NRun
                0x08003810       0x1c src\Motor.o
                0x08003810                Motor_1_NRun
 .text.Motor_2_STOP
                0x0800382c       0x1c src\Motor.o
                0x0800382c                Motor_2_STOP
 .text.Motor_2_PRun
                0x08003848       0x1c src\Motor.o
                0x08003848                Motor_2_PRun
 .text.Motor_2_NRun
                0x08003864       0x1c src\Motor.o
                0x08003864                Motor_2_NRun
 .text.EVAL_AUDIO_TransferComplete_CallBack
                0x08003880       0x16 src\STM32F4-Discovery_callback.o
                0x08003880                EVAL_AUDIO_TransferComplete_CallBack
 .text.EVAL_AUDIO_GetSampleCallBack
                0x08003896       0x10 src\STM32F4-Discovery_callback.o
                0x08003896                EVAL_AUDIO_GetSampleCallBack
 *fill*         0x080038a6        0x2 
 .text.NVIC_SetPriorityGrouping
                0x080038a8       0x48 src\main.o
 .text.main     0x080038f0       0xd4 src\main.o
                0x080038f0                main
 .text.vExampleTimerCallback
                0x080039c4       0x24 src\main.o
 .text.BluetoothTask
                0x080039e8       0x12 src\main.o
 *fill*         0x080039fa        0x2 
 .text.vApplicationTickHook
                0x080039fc       0x44 src\main.o
                0x080039fc                vApplicationTickHook
 .text.vApplicationMallocFailedHook
                0x08003a40        0x6 src\main.o
                0x08003a40                vApplicationMallocFailedHook
 .text.vApplicationStackOverflowHook
                0x08003a46        0xc src\main.o
                0x08003a46                vApplicationStackOverflowHook
 .text.vApplicationIdleHook
                0x08003a52       0x16 src\main.o
                0x08003a52                vApplicationIdleHook
 .text.prvSetupHardware
                0x08003a68        0xe src\main.o
 *fill*         0x08003a76        0x2 
 .text.Reset_Handler
                0x08003a78       0x48 src\startup_stm32f4xx.o
                0x08003a78                Reset_Handler
 .text.Default_Handler
                0x08003ac0        0x2 src\startup_stm32f4xx.o
                0x08003ac0                RTC_Alarm_IRQHandler
                0x08003ac0                HASH_RNG_IRQHandler
                0x08003ac0                EXTI2_IRQHandler
                0x08003ac0                TIM8_CC_IRQHandler
                0x08003ac0                TIM1_CC_IRQHandler
                0x08003ac0                DMA2_Stream5_IRQHandler
                0x08003ac0                DMA1_Stream5_IRQHandler
                0x08003ac0                PVD_IRQHandler
                0x08003ac0                SDIO_IRQHandler
                0x08003ac0                TAMP_STAMP_IRQHandler
                0x08003ac0                CAN2_RX1_IRQHandler
                0x08003ac0                EXTI3_IRQHandler
                0x08003ac0                TIM8_TRG_COM_TIM14_IRQHandler
                0x08003ac0                TIM1_UP_TIM10_IRQHandler
                0x08003ac0                TIM8_UP_TIM13_IRQHandler
                0x08003ac0                I2C3_ER_IRQHandler
                0x08003ac0                EXTI0_IRQHandler
                0x08003ac0                I2C2_EV_IRQHandler
                0x08003ac0                DMA1_Stream2_IRQHandler
                0x08003ac0                CAN1_RX0_IRQHandler
                0x08003ac0                FPU_IRQHandler
                0x08003ac0                OTG_HS_WKUP_IRQHandler
                0x08003ac0                CAN2_SCE_IRQHandler
                0x08003ac0                DMA2_Stream2_IRQHandler
                0x08003ac0                SPI1_IRQHandler
                0x08003ac0                TIM6_DAC_IRQHandler
                0x08003ac0                TIM1_BRK_TIM9_IRQHandler
                0x08003ac0                DCMI_IRQHandler
                0x08003ac0                CAN2_RX0_IRQHandler
                0x08003ac0                DMA2_Stream3_IRQHandler
                0x08003ac0                USART6_IRQHandler
                0x08003ac0                USART3_IRQHandler
                0x08003ac0                CRYP_IRQHandler
                0x08003ac0                CAN1_RX1_IRQHandler
                0x08003ac0                UART5_IRQHandler
                0x08003ac0                DMA2_Stream0_IRQHandler
                0x08003ac0                TIM4_IRQHandler
                0x08003ac0                I2C1_EV_IRQHandler
                0x08003ac0                DMA1_Stream6_IRQHandler
                0x08003ac0                DMA1_Stream1_IRQHandler
                0x08003ac0                UART4_IRQHandler
                0x08003ac0                TIM3_IRQHandler
                0x08003ac0                RCC_IRQHandler
                0x08003ac0                TIM8_BRK_TIM12_IRQHandler
                0x08003ac0                Default_Handler
                0x08003ac0                EXTI15_10_IRQHandler
                0x08003ac0                ADC_IRQHandler
                0x08003ac0                TIM7_IRQHandler
                0x08003ac0                CAN2_TX_IRQHandler
                0x08003ac0                TIM5_IRQHandler
                0x08003ac0                DMA2_Stream7_IRQHandler
                0x08003ac0                I2C3_EV_IRQHandler
                0x08003ac0                EXTI9_5_IRQHandler
                0x08003ac0                RTC_WKUP_IRQHandler
                0x08003ac0                ETH_WKUP_IRQHandler
                0x08003ac0                SPI2_IRQHandler
                0x08003ac0                OTG_HS_EP1_IN_IRQHandler
                0x08003ac0                CAN1_TX_IRQHandler
                0x08003ac0                EXTI4_IRQHandler
                0x08003ac0                FSMC_IRQHandler
                0x08003ac0                ETH_IRQHandler
                0x08003ac0                OTG_HS_EP1_OUT_IRQHandler
                0x08003ac0                WWDG_IRQHandler
                0x08003ac0                TIM2_IRQHandler
                0x08003ac0                OTG_FS_WKUP_IRQHandler
                0x08003ac0                TIM1_TRG_COM_TIM11_IRQHandler
                0x08003ac0                OTG_HS_IRQHandler
                0x08003ac0                EXTI1_IRQHandler
                0x08003ac0                I2C2_ER_IRQHandler
                0x08003ac0                DMA2_Stream1_IRQHandler
                0x08003ac0                CAN1_SCE_IRQHandler
                0x08003ac0                FLASH_IRQHandler
                0x08003ac0                DMA2_Stream4_IRQHandler
                0x08003ac0                USART1_IRQHandler
                0x08003ac0                OTG_FS_IRQHandler
                0x08003ac0                DMA1_Stream4_IRQHandler
                0x08003ac0                I2C1_ER_IRQHandler
                0x08003ac0                DMA2_Stream6_IRQHandler
                0x08003ac0                DMA1_Stream3_IRQHandler
 .text.NMI_Handler
                0x08003ac2        0xe src\stm32f4xx_it.o
                0x08003ac2                NMI_Handler
 .text.HardFault_Handler
                0x08003ad0        0x6 src\stm32f4xx_it.o
                0x08003ad0                HardFault_Handler
 .text.MemManage_Handler
                0x08003ad6        0x6 src\stm32f4xx_it.o
                0x08003ad6                MemManage_Handler
 .text.BusFault_Handler
                0x08003adc        0x6 src\stm32f4xx_it.o
                0x08003adc                BusFault_Handler
 .text.UsageFault_Handler
                0x08003ae2        0x6 src\stm32f4xx_it.o
                0x08003ae2                UsageFault_Handler
 .text.DebugMon_Handler
                0x08003ae8        0xe src\stm32f4xx_it.o
                0x08003ae8                DebugMon_Handler
 *fill*         0x08003af6        0x2 
 .text.SystemInit
                0x08003af8       0x6c src\system_stm32f4xx.o
                0x08003af8                SystemInit
 .text.SetSysClock
                0x08003b64       0xf8 src\system_stm32f4xx.o
 .text.__libc_init_array
                0x08003c5c       0x48 c:/program files (x86)/atollic/truestudio for stm32 9.0.1/armtools/bin/../lib/gcc/arm-atollic-eabi/6.3.1/../../../../arm-atollic-eabi/lib/armv7e-m/softfp\libc_nano.a(lib_a-init.o)
                0x08003c5c                __libc_init_array
 .text.memcpy   0x08003ca4       0x16 c:/program files (x86)/atollic/truestudio for stm32 9.0.1/armtools/bin/../lib/gcc/arm-atollic-eabi/6.3.1/../../../../arm-atollic-eabi/lib/armv7e-m/softfp\libc_nano.a(lib_a-memcpy-stub.o)
                0x08003ca4                memcpy
 .text.memset   0x08003cba       0x10 c:/program files (x86)/atollic/truestudio for stm32 9.0.1/armtools/bin/../lib/gcc/arm-atollic-eabi/6.3.1/../../../../arm-atollic-eabi/lib/armv7e-m/softfp\libc_nano.a(lib_a-memset.o)
                0x08003cba                memset
 *(.rodata)
 *fill*         0x08003cca        0x2 
 .rodata        0x08003ccc        0x5 FreeRTOS_Source\tasks.o
 *fill*         0x08003cd1        0x3 
 .rodata        0x08003cd4        0xd FreeRTOS_Source\timers.o
 *fill*         0x08003ce1        0x3 
 .rodata        0x08003ce4       0x31 src\main.o
 *(.rodata*)
 *fill*         0x08003d15        0x3 
 .rodata.GPIO_PIN
                0x08003d18        0x8 Utilities\STM32F4-Discovery\stm32f4_discovery.o
                0x08003d18                GPIO_PIN
 .rodata.GPIO_CLK
                0x08003d20       0x10 Utilities\STM32F4-Discovery\stm32f4_discovery.o
                0x08003d20                GPIO_CLK
 *(.glue_7)
 .glue_7        0x08003d30        0x0 linker stubs
 *(.glue_7t)
 .glue_7t       0x08003d30        0x0 linker stubs
 *(.eh_frame)
 .eh_frame      0x08003d30        0x0 c:/program files (x86)/atollic/truestudio for stm32 9.0.1/armtools/bin/../lib/gcc/arm-atollic-eabi/6.3.1/armv7e-m/softfp/crtbegin.o
 *(.init)
 .init          0x08003d30        0x4 c:/program files (x86)/atollic/truestudio for stm32 9.0.1/armtools/bin/../lib/gcc/arm-atollic-eabi/6.3.1/armv7e-m/softfp/crti.o
                0x08003d30                _init
 .init          0x08003d34        0x8 c:/program files (x86)/atollic/truestudio for stm32 9.0.1/armtools/bin/../lib/gcc/arm-atollic-eabi/6.3.1/armv7e-m/softfp/crtn.o
 *(.fini)
 .fini          0x08003d3c        0x4 c:/program files (x86)/atollic/truestudio for stm32 9.0.1/armtools/bin/../lib/gcc/arm-atollic-eabi/6.3.1/armv7e-m/softfp/crti.o
                0x08003d3c                _fini
 .fini          0x08003d40        0x8 c:/program files (x86)/atollic/truestudio for stm32 9.0.1/armtools/bin/../lib/gcc/arm-atollic-eabi/6.3.1/armv7e-m/softfp/crtn.o
                0x08003d48                . = ALIGN (0x4)
                0x08003d48                _etext = .

.vfp11_veneer   0x08003d48        0x0
 .vfp11_veneer  0x08003d48        0x0 linker stubs

.v4_bx          0x08003d48        0x0
 .v4_bx         0x08003d48        0x0 linker stubs

.iplt           0x08003d48        0x0
 .iplt          0x08003d48        0x0 c:/program files (x86)/atollic/truestudio for stm32 9.0.1/armtools/bin/../lib/gcc/arm-atollic-eabi/6.3.1/armv7e-m/softfp/crtbegin.o

.rel.dyn        0x08003d48        0x0
 .rel.iplt      0x08003d48        0x0 c:/program files (x86)/atollic/truestudio for stm32 9.0.1/armtools/bin/../lib/gcc/arm-atollic-eabi/6.3.1/armv7e-m/softfp/crtbegin.o

.ARM.extab
 *(.ARM.extab* .gnu.linkonce.armextab.*)

.ARM            0x08003d48        0x0
                0x08003d48                __exidx_start = .
 *(.ARM.exidx*)
                0x08003d48                __exidx_end = .

.preinit_array  0x08003d48        0x0
                0x08003d48                PROVIDE (__preinit_array_start, .)
 *(.preinit_array*)
                0x08003d48                PROVIDE (__preinit_array_end, .)

.init_array     0x08003d48        0x4
                0x08003d48                PROVIDE (__init_array_start, .)
 *(SORT(.init_array.*))
 *(.init_array*)
 .init_array    0x08003d48        0x4 c:/program files (x86)/atollic/truestudio for stm32 9.0.1/armtools/bin/../lib/gcc/arm-atollic-eabi/6.3.1/armv7e-m/softfp/crtbegin.o
                0x08003d4c                PROVIDE (__init_array_end, .)

.fini_array     0x08003d4c        0x4
                [!provide]                PROVIDE (__fini_array_start, .)
 *(SORT(.fini_array.*))
 *(.fini_array*)
 .fini_array    0x08003d4c        0x4 c:/program files (x86)/atollic/truestudio for stm32 9.0.1/armtools/bin/../lib/gcc/arm-atollic-eabi/6.3.1/armv7e-m/softfp/crtbegin.o
                [!provide]                PROVIDE (__fini_array_end, .)
                0x08003d50                _sidata = LOADADDR (.data)

.data           0x20000000       0x3c load address 0x08003d50
                0x20000000                . = ALIGN (0x4)
                0x20000000                _sdata = .
 *(.data)
 *(.data*)
 .data.uxCriticalNesting
                0x20000000        0x4 FreeRTOS_Source\portable\GCC\ARM_CM4F\port.o
 .data.APBAHBPrescTable
                0x20000004       0x10 Libraries\STM32F4xx_StdPeriph_Driver\src\stm32f4xx_rcc.o
 .data.GPIO_PORT
                0x20000014       0x10 Utilities\STM32F4-Discovery\stm32f4_discovery.o
                0x20000014                GPIO_PORT
 .data.BUTTON_PORT
                0x20000024        0x4 Utilities\STM32F4-Discovery\stm32f4_discovery.o
                0x20000024                BUTTON_PORT
 .data.AudioRemSize
                0x20000028        0x4 Utilities\STM32F4-Discovery\stm32f4_discovery_audio_codec.o
                0x20000028                AudioRemSize
 .data.CurrAudioInterface
                0x2000002c        0x4 Utilities\STM32F4-Discovery\stm32f4_discovery_audio_codec.o
                0x2000002c                CurrAudioInterface
 .data.AUDIO_MAL_DMA_STREAM
                0x20000030        0x4 Utilities\STM32F4-Discovery\stm32f4_discovery_audio_codec.o
                0x20000030                AUDIO_MAL_DMA_STREAM
 .data.AUDIO_MAL_DMA_FLAG_TC
                0x20000034        0x4 Utilities\STM32F4-Discovery\stm32f4_discovery_audio_codec.o
                0x20000034                AUDIO_MAL_DMA_FLAG_TC
 .data.SystemCoreClock
                0x20000038        0x4 src\system_stm32f4xx.o
                0x20000038                SystemCoreClock
                0x2000003c                . = ALIGN (0x4)
                0x2000003c                _edata = .
                0x08003d8c                _siccmram = LOADADDR (.ccmram)

.igot.plt       0x2000003c        0x0 load address 0x08003d8c
 .igot.plt      0x2000003c        0x0 c:/program files (x86)/atollic/truestudio for stm32 9.0.1/armtools/bin/../lib/gcc/arm-atollic-eabi/6.3.1/armv7e-m/softfp/crtbegin.o

.ccmram         0x10000000        0x0 load address 0x08003d8c
                0x10000000                . = ALIGN (0x4)
                0x10000000                _sccmram = .
 *(.ccmram)
 *(.ccmram*)
                0x10000000                . = ALIGN (0x4)
                0x10000000                _eccmram = .
                0x10000000                . = ALIGN (0x4)

.bss            0x2000003c     0x1e38
                0x2000003c                _sbss = .
                0x2000003c                __bss_start__ = _sbss
 *(.bss)
 .bss           0x2000003c       0x1c c:/program files (x86)/atollic/truestudio for stm32 9.0.1/armtools/bin/../lib/gcc/arm-atollic-eabi/6.3.1/armv7e-m/softfp/crtbegin.o
 *(.bss*)
 .bss.ucMaxSysCallPriority
                0x20000058        0x1 FreeRTOS_Source\portable\GCC\ARM_CM4F\port.o
 *fill*         0x20000059        0x3 
 .bss.ulMaxPRIGROUPValue
                0x2000005c        0x4 FreeRTOS_Source\portable\GCC\ARM_CM4F\port.o
 .bss.ucHeap    0x20000060     0x1c00 FreeRTOS_Source\portable\MemMang\heap_1.o
 .bss.xNextFreeByte
                0x20001c60        0x4 FreeRTOS_Source\portable\MemMang\heap_1.o
 .bss.pucAlignedHeap.6221
                0x20001c64        0x4 FreeRTOS_Source\portable\MemMang\heap_1.o
 .bss.pxCurrentTCB
                0x20001c68        0x4 FreeRTOS_Source\tasks.o
                0x20001c68                pxCurrentTCB
 .bss.pxReadyTasksLists
                0x20001c6c       0x64 FreeRTOS_Source\tasks.o
 .bss.xDelayedTaskList1
                0x20001cd0       0x14 FreeRTOS_Source\tasks.o
 .bss.xDelayedTaskList2
                0x20001ce4       0x14 FreeRTOS_Source\tasks.o
 .bss.pxDelayedTaskList
                0x20001cf8        0x4 FreeRTOS_Source\tasks.o
 .bss.pxOverflowDelayedTaskList
                0x20001cfc        0x4 FreeRTOS_Source\tasks.o
 .bss.xPendingReadyList
                0x20001d00       0x14 FreeRTOS_Source\tasks.o
 .bss.xTasksWaitingTermination
                0x20001d14       0x14 FreeRTOS_Source\tasks.o
 .bss.uxDeletedTasksWaitingCleanUp
                0x20001d28        0x4 FreeRTOS_Source\tasks.o
 .bss.xSuspendedTaskList
                0x20001d2c       0x14 FreeRTOS_Source\tasks.o
 .bss.uxCurrentNumberOfTasks
                0x20001d40        0x4 FreeRTOS_Source\tasks.o
 .bss.xTickCount
                0x20001d44        0x4 FreeRTOS_Source\tasks.o
 .bss.uxTopReadyPriority
                0x20001d48        0x4 FreeRTOS_Source\tasks.o
 .bss.xSchedulerRunning
                0x20001d4c        0x4 FreeRTOS_Source\tasks.o
 .bss.uxPendedTicks
                0x20001d50        0x4 FreeRTOS_Source\tasks.o
 .bss.xYieldPending
                0x20001d54        0x4 FreeRTOS_Source\tasks.o
 .bss.xNumOfOverflows
                0x20001d58        0x4 FreeRTOS_Source\tasks.o
 .bss.uxTaskNumber
                0x20001d5c        0x4 FreeRTOS_Source\tasks.o
 .bss.xNextTaskUnblockTime
                0x20001d60        0x4 FreeRTOS_Source\tasks.o
 .bss.xIdleTaskHandle
                0x20001d64        0x4 FreeRTOS_Source\tasks.o
 .bss.uxSchedulerSuspended
                0x20001d68        0x4 FreeRTOS_Source\tasks.o
 .bss.xActiveTimerList1
                0x20001d6c       0x14 FreeRTOS_Source\timers.o
 .bss.xActiveTimerList2
                0x20001d80       0x14 FreeRTOS_Source\timers.o
 .bss.pxCurrentTimerList
                0x20001d94        0x4 FreeRTOS_Source\timers.o
 .bss.pxOverflowTimerList
                0x20001d98        0x4 FreeRTOS_Source\timers.o
 .bss.xTimerQueue
                0x20001d9c        0x4 FreeRTOS_Source\timers.o
 .bss.xTimerTaskHandle
                0x20001da0        0x4 FreeRTOS_Source\timers.o
 .bss.xLastTime.6512
                0x20001da4        0x4 FreeRTOS_Source\timers.o
 .bss.xQueue    0x20001da8        0x4 src\main.o
 .bss.xEventSemaphore
                0x20001dac        0x4 src\main.o
 .bss.ulCountOfTimerCallbackExecutions
                0x20001db0        0x4 src\main.o
 .bss.ulCount.10052
                0x20001db4        0x4 src\main.o
 *(COMMON)
 COMMON         0x20001db8       0x40 FreeRTOS_Source\queue.o
                0x20001db8                xQueueRegistry
 COMMON         0x20001df8       0x7c Utilities\STM32F4-Discovery\stm32f4_discovery_audio_codec.o
                0x20001df8                CurrentPos
                0x20001dfc                AUDIO_MAL_DMA_InitStructure
                0x20001e38                DMA_InitStructure
                0x20001e74                . = ALIGN (0x4)
                0x20001e74                _ebss = .
                0x20001e74                __bss_end__ = _ebss

._user_heap_stack
                0x20001e74      0x400
                0x20001e74                . = ALIGN (0x4)
                [!provide]                PROVIDE (end, .)
                [!provide]                PROVIDE (_end, .)
                0x20001e74                . = (. + _Min_Heap_Size)
                0x20002274                . = (. + _Min_Stack_Size)
 *fill*         0x20001e74      0x400 
                0x20002274                . = ALIGN (0x4)

.memory_b1_text
 *(.mb1text)
 *(.mb1text*)
 *(.mb1rodata)
 *(.mb1rodata*)

/DISCARD/
 libc.a(*)
 libm.a(*)
 libgcc.a(*)

.ARM.attributes
                0x00000000       0x2e
 *(.ARM.attributes)
 .ARM.attributes
                0x00000000       0x22 c:/program files (x86)/atollic/truestudio for stm32 9.0.1/armtools/bin/../lib/gcc/arm-atollic-eabi/6.3.1/armv7e-m/softfp/crti.o
 .ARM.attributes
                0x00000022       0x32 c:/program files (x86)/atollic/truestudio for stm32 9.0.1/armtools/bin/../lib/gcc/arm-atollic-eabi/6.3.1/armv7e-m/softfp/crtbegin.o
 .ARM.attributes
                0x00000054       0x37 FreeRTOS_Source\list.o
 .ARM.attributes
                0x0000008b       0x37 FreeRTOS_Source\portable\GCC\ARM_CM4F\port.o
 .ARM.attributes
                0x000000c2       0x37 FreeRTOS_Source\portable\MemMang\heap_1.o
 .ARM.attributes
                0x000000f9       0x37 FreeRTOS_Source\queue.o
 .ARM.attributes
                0x00000130       0x37 FreeRTOS_Source\tasks.o
 .ARM.attributes
                0x00000167       0x37 FreeRTOS_Source\timers.o
 .ARM.attributes
                0x0000019e       0x37 Libraries\STM32F4xx_StdPeriph_Driver\src\misc.o
 .ARM.attributes
                0x000001d5       0x37 Libraries\STM32F4xx_StdPeriph_Driver\src\stm32f4xx_dac.o
 .ARM.attributes
                0x0000020c       0x37 Libraries\STM32F4xx_StdPeriph_Driver\src\stm32f4xx_dma.o
 .ARM.attributes
                0x00000243       0x37 Libraries\STM32F4xx_StdPeriph_Driver\src\stm32f4xx_exti.o
 .ARM.attributes
                0x0000027a       0x37 Libraries\STM32F4xx_StdPeriph_Driver\src\stm32f4xx_gpio.o
 .ARM.attributes
                0x000002b1       0x37 Libraries\STM32F4xx_StdPeriph_Driver\src\stm32f4xx_rcc.o
 .ARM.attributes
                0x000002e8       0x37 Libraries\STM32F4xx_StdPeriph_Driver\src\stm32f4xx_spi.o
 .ARM.attributes
                0x0000031f       0x37 Libraries\STM32F4xx_StdPeriph_Driver\src\stm32f4xx_syscfg.o
 .ARM.attributes
                0x00000356       0x37 Libraries\STM32F4xx_StdPeriph_Driver\src\stm32f4xx_usart.o
 .ARM.attributes
                0x0000038d       0x37 Utilities\STM32F4-Discovery\stm32f4_discovery.o
 .ARM.attributes
                0x000003c4       0x37 Utilities\STM32F4-Discovery\stm32f4_discovery_audio_codec.o
 .ARM.attributes
                0x000003fb       0x37 src\Bluetooth.o
 .ARM.attributes
                0x00000432       0x37 src\LEDTest.o
 .ARM.attributes
                0x00000469       0x37 src\Motor.o
 .ARM.attributes
                0x000004a0       0x37 src\STM32F4-Discovery_callback.o
 .ARM.attributes
                0x000004d7       0x37 src\main.o
 .ARM.attributes
                0x0000050e       0x21 src\startup_stm32f4xx.o
 .ARM.attributes
                0x0000052f       0x37 src\stm32f4xx_it.o
 .ARM.attributes
                0x00000566       0x37 src\system_stm32f4xx.o
 .ARM.attributes
                0x0000059d       0x32 c:/program files (x86)/atollic/truestudio for stm32 9.0.1/armtools/bin/../lib/gcc/arm-atollic-eabi/6.3.1/../../../../arm-atollic-eabi/lib/armv7e-m/softfp\libc_nano.a(lib_a-init.o)
 .ARM.attributes
                0x000005cf       0x32 c:/program files (x86)/atollic/truestudio for stm32 9.0.1/armtools/bin/../lib/gcc/arm-atollic-eabi/6.3.1/../../../../arm-atollic-eabi/lib/armv7e-m/softfp\libc_nano.a(lib_a-memcpy-stub.o)
 .ARM.attributes
                0x00000601       0x32 c:/program files (x86)/atollic/truestudio for stm32 9.0.1/armtools/bin/../lib/gcc/arm-atollic-eabi/6.3.1/../../../../arm-atollic-eabi/lib/armv7e-m/softfp\libc_nano.a(lib_a-memset.o)
 .ARM.attributes
                0x00000633       0x22 c:/program files (x86)/atollic/truestudio for stm32 9.0.1/armtools/bin/../lib/gcc/arm-atollic-eabi/6.3.1/armv7e-m/softfp/crtn.o
OUTPUT(Final_5.elf elf32-littlearm)

.debug_info     0x00000000     0xee25
 .debug_info    0x00000000      0xac3 FreeRTOS_Source\list.o
 .debug_info    0x00000ac3      0x50b FreeRTOS_Source\portable\GCC\ARM_CM4F\port.o
 .debug_info    0x00000fce      0x9e9 FreeRTOS_Source\portable\MemMang\heap_1.o
 .debug_info    0x000019b7     0x1b75 FreeRTOS_Source\queue.o
 .debug_info    0x0000352c     0x2255 FreeRTOS_Source\tasks.o
 .debug_info    0x00005781     0x136a FreeRTOS_Source\timers.o
 .debug_info    0x00006aeb      0x54d Libraries\STM32F4xx_StdPeriph_Driver\src\misc.o
 .debug_info    0x00007038      0x654 Libraries\STM32F4xx_StdPeriph_Driver\src\stm32f4xx_dac.o
 .debug_info    0x0000768c      0x74c Libraries\STM32F4xx_StdPeriph_Driver\src\stm32f4xx_dma.o
 .debug_info    0x00007dd8      0x366 Libraries\STM32F4xx_StdPeriph_Driver\src\stm32f4xx_exti.o
 .debug_info    0x0000813e      0x628 Libraries\STM32F4xx_StdPeriph_Driver\src\stm32f4xx_gpio.o
 .debug_info    0x00008766      0xc72 Libraries\STM32F4xx_StdPeriph_Driver\src\stm32f4xx_rcc.o
 .debug_info    0x000093d8      0xb1a Libraries\STM32F4xx_StdPeriph_Driver\src\stm32f4xx_spi.o
 .debug_info    0x00009ef2      0x283 Libraries\STM32F4xx_StdPeriph_Driver\src\stm32f4xx_syscfg.o
 .debug_info    0x0000a175      0x9d5 Libraries\STM32F4xx_StdPeriph_Driver\src\stm32f4xx_usart.o
 .debug_info    0x0000ab4a      0x8ae Utilities\STM32F4-Discovery\stm32f4_discovery.o
 .debug_info    0x0000b3f8     0x108b Utilities\STM32F4-Discovery\stm32f4_discovery_audio_codec.o
 .debug_info    0x0000c483      0xf82 src\Bluetooth.o
 .debug_info    0x0000d405      0x165 src\LEDTest.o
 .debug_info    0x0000d56a      0x326 src\Motor.o
 .debug_info    0x0000d890      0x12d src\STM32F4-Discovery_callback.o
 .debug_info    0x0000d9bd      0xcfb src\main.o
 .debug_info    0x0000e6b8       0x7c src\startup_stm32f4xx.o
 .debug_info    0x0000e734      0x121 src\stm32f4xx_it.o
 .debug_info    0x0000e855      0x5d0 src\system_stm32f4xx.o

.debug_abbrev   0x00000000     0x29fb
 .debug_abbrev  0x00000000      0x1c5 FreeRTOS_Source\list.o
 .debug_abbrev  0x000001c5      0x1d5 FreeRTOS_Source\portable\GCC\ARM_CM4F\port.o
 .debug_abbrev  0x0000039a      0x245 FreeRTOS_Source\portable\MemMang\heap_1.o
 .debug_abbrev  0x000005df      0x2d4 FreeRTOS_Source\queue.o
 .debug_abbrev  0x000008b3      0x362 FreeRTOS_Source\tasks.o
 .debug_abbrev  0x00000c15      0x288 FreeRTOS_Source\timers.o
 .debug_abbrev  0x00000e9d      0x172 Libraries\STM32F4xx_StdPeriph_Driver\src\misc.o
 .debug_abbrev  0x0000100f      0x191 Libraries\STM32F4xx_StdPeriph_Driver\src\stm32f4xx_dac.o
 .debug_abbrev  0x000011a0      0x168 Libraries\STM32F4xx_StdPeriph_Driver\src\stm32f4xx_dma.o
 .debug_abbrev  0x00001308      0x1bc Libraries\STM32F4xx_StdPeriph_Driver\src\stm32f4xx_exti.o
 .debug_abbrev  0x000014c4      0x1b8 Libraries\STM32F4xx_StdPeriph_Driver\src\stm32f4xx_gpio.o
 .debug_abbrev  0x0000167c      0x1f8 Libraries\STM32F4xx_StdPeriph_Driver\src\stm32f4xx_rcc.o
 .debug_abbrev  0x00001874      0x17a Libraries\STM32F4xx_StdPeriph_Driver\src\stm32f4xx_spi.o
 .debug_abbrev  0x000019ee      0x146 Libraries\STM32F4xx_StdPeriph_Driver\src\stm32f4xx_syscfg.o
 .debug_abbrev  0x00001b34      0x182 Libraries\STM32F4xx_StdPeriph_Driver\src\stm32f4xx_usart.o
 .debug_abbrev  0x00001cb6      0x1bd Utilities\STM32F4-Discovery\stm32f4_discovery.o
 .debug_abbrev  0x00001e73      0x276 Utilities\STM32F4-Discovery\stm32f4_discovery_audio_codec.o
 .debug_abbrev  0x000020e9      0x230 src\Bluetooth.o
 .debug_abbrev  0x00002319       0xb7 src\LEDTest.o
 .debug_abbrev  0x000023d0      0x12c src\Motor.o
 .debug_abbrev  0x000024fc       0xa3 src\STM32F4-Discovery_callback.o
 .debug_abbrev  0x0000259f      0x27a src\main.o
 .debug_abbrev  0x00002819       0x12 src\startup_stm32f4xx.o
 .debug_abbrev  0x0000282b       0x78 src\stm32f4xx_it.o
 .debug_abbrev  0x000028a3      0x158 src\system_stm32f4xx.o

.debug_aranges  0x00000000      0xdb0
 .debug_aranges
                0x00000000       0x40 FreeRTOS_Source\list.o
 .debug_aranges
                0x00000040       0x80 FreeRTOS_Source\portable\GCC\ARM_CM4F\port.o
 .debug_aranges
                0x000000c0       0x38 FreeRTOS_Source\portable\MemMang\heap_1.o
 .debug_aranges
                0x000000f8      0x100 FreeRTOS_Source\queue.o
 .debug_aranges
                0x000001f8      0x1a0 FreeRTOS_Source\tasks.o
 .debug_aranges
                0x00000398       0xb8 FreeRTOS_Source\timers.o
 .debug_aranges
                0x00000450       0x40 Libraries\STM32F4xx_StdPeriph_Driver\src\misc.o
 .debug_aranges
                0x00000490       0xa0 Libraries\STM32F4xx_StdPeriph_Driver\src\stm32f4xx_dac.o
 .debug_aranges
                0x00000530       0xb0 Libraries\STM32F4xx_StdPeriph_Driver\src\stm32f4xx_dma.o
 .debug_aranges
                0x000005e0       0x58 Libraries\STM32F4xx_StdPeriph_Driver\src\stm32f4xx_exti.o
 .debug_aranges
                0x00000638       0x88 Libraries\STM32F4xx_StdPeriph_Driver\src\stm32f4xx_gpio.o
 .debug_aranges
                0x000006c0      0x178 Libraries\STM32F4xx_StdPeriph_Driver\src\stm32f4xx_rcc.o
 .debug_aranges
                0x00000838       0xe0 Libraries\STM32F4xx_StdPeriph_Driver\src\stm32f4xx_spi.o
 .debug_aranges
                0x00000918       0x48 Libraries\STM32F4xx_StdPeriph_Driver\src\stm32f4xx_syscfg.o
 .debug_aranges
                0x00000960      0x100 Libraries\STM32F4xx_StdPeriph_Driver\src\stm32f4xx_usart.o
 .debug_aranges
                0x00000a60       0x48 Utilities\STM32F4-Discovery\stm32f4_discovery.o
 .debug_aranges
                0x00000aa8      0x130 Utilities\STM32F4-Discovery\stm32f4_discovery_audio_codec.o
 .debug_aranges
                0x00000bd8       0x28 src\Bluetooth.o
 .debug_aranges
                0x00000c00       0x30 src\LEDTest.o
 .debug_aranges
                0x00000c30       0x50 src\Motor.o
 .debug_aranges
                0x00000c80       0x30 src\STM32F4-Discovery_callback.o
 .debug_aranges
                0x00000cb0       0x60 src\main.o
 .debug_aranges
                0x00000d10       0x28 src\startup_stm32f4xx.o
 .debug_aranges
                0x00000d38       0x48 src\stm32f4xx_it.o
 .debug_aranges
                0x00000d80       0x30 src\system_stm32f4xx.o

.debug_ranges   0x00000000      0xc28
 .debug_ranges  0x00000000       0x30 FreeRTOS_Source\list.o
 .debug_ranges  0x00000030       0x70 FreeRTOS_Source\portable\GCC\ARM_CM4F\port.o
 .debug_ranges  0x000000a0       0x28 FreeRTOS_Source\portable\MemMang\heap_1.o
 .debug_ranges  0x000000c8       0xf0 FreeRTOS_Source\queue.o
 .debug_ranges  0x000001b8      0x190 FreeRTOS_Source\tasks.o
 .debug_ranges  0x00000348       0xa8 FreeRTOS_Source\timers.o
 .debug_ranges  0x000003f0       0x30 Libraries\STM32F4xx_StdPeriph_Driver\src\misc.o
 .debug_ranges  0x00000420       0x90 Libraries\STM32F4xx_StdPeriph_Driver\src\stm32f4xx_dac.o
 .debug_ranges  0x000004b0       0xa0 Libraries\STM32F4xx_StdPeriph_Driver\src\stm32f4xx_dma.o
 .debug_ranges  0x00000550       0x48 Libraries\STM32F4xx_StdPeriph_Driver\src\stm32f4xx_exti.o
 .debug_ranges  0x00000598       0x78 Libraries\STM32F4xx_StdPeriph_Driver\src\stm32f4xx_gpio.o
 .debug_ranges  0x00000610      0x168 Libraries\STM32F4xx_StdPeriph_Driver\src\stm32f4xx_rcc.o
 .debug_ranges  0x00000778       0xd0 Libraries\STM32F4xx_StdPeriph_Driver\src\stm32f4xx_spi.o
 .debug_ranges  0x00000848       0x38 Libraries\STM32F4xx_StdPeriph_Driver\src\stm32f4xx_syscfg.o
 .debug_ranges  0x00000880       0xf0 Libraries\STM32F4xx_StdPeriph_Driver\src\stm32f4xx_usart.o
 .debug_ranges  0x00000970       0x38 Utilities\STM32F4-Discovery\stm32f4_discovery.o
 .debug_ranges  0x000009a8      0x120 Utilities\STM32F4-Discovery\stm32f4_discovery_audio_codec.o
 .debug_ranges  0x00000ac8       0x18 src\Bluetooth.o
 .debug_ranges  0x00000ae0       0x20 src\LEDTest.o
 .debug_ranges  0x00000b00       0x40 src\Motor.o
 .debug_ranges  0x00000b40       0x20 src\STM32F4-Discovery_callback.o
 .debug_ranges  0x00000b60       0x50 src\main.o
 .debug_ranges  0x00000bb0       0x20 src\startup_stm32f4xx.o
 .debug_ranges  0x00000bd0       0x38 src\stm32f4xx_it.o
 .debug_ranges  0x00000c08       0x20 src\system_stm32f4xx.o

.debug_line     0x00000000     0x63dc
 .debug_line    0x00000000      0x31c FreeRTOS_Source\list.o
 .debug_line    0x0000031c      0x388 FreeRTOS_Source\portable\GCC\ARM_CM4F\port.o
 .debug_line    0x000006a4      0x2f6 FreeRTOS_Source\portable\MemMang\heap_1.o
 .debug_line    0x0000099a      0xa5b FreeRTOS_Source\queue.o
 .debug_line    0x000013f5      0xda2 FreeRTOS_Source\tasks.o
 .debug_line    0x00002197      0x60e FreeRTOS_Source\timers.o
 .debug_line    0x000027a5      0x253 Libraries\STM32F4xx_StdPeriph_Driver\src\misc.o
 .debug_line    0x000029f8      0x367 Libraries\STM32F4xx_StdPeriph_Driver\src\stm32f4xx_dac.o
 .debug_line    0x00002d5f      0x43f Libraries\STM32F4xx_StdPeriph_Driver\src\stm32f4xx_dma.o
 .debug_line    0x0000319e      0x2b6 Libraries\STM32F4xx_StdPeriph_Driver\src\stm32f4xx_exti.o
 .debug_line    0x00003454      0x375 Libraries\STM32F4xx_StdPeriph_Driver\src\stm32f4xx_gpio.o
 .debug_line    0x000037c9      0x5ba Libraries\STM32F4xx_StdPeriph_Driver\src\stm32f4xx_rcc.o
 .debug_line    0x00003d83      0x46e Libraries\STM32F4xx_StdPeriph_Driver\src\stm32f4xx_spi.o
 .debug_line    0x000041f1      0x22e Libraries\STM32F4xx_StdPeriph_Driver\src\stm32f4xx_syscfg.o
 .debug_line    0x0000441f      0x4ce Libraries\STM32F4xx_StdPeriph_Driver\src\stm32f4xx_usart.o
 .debug_line    0x000048ed      0x2a4 Utilities\STM32F4-Discovery\stm32f4_discovery.o
 .debug_line    0x00004b91      0x70f Utilities\STM32F4-Discovery\stm32f4_discovery_audio_codec.o
 .debug_line    0x000052a0      0x32d src\Bluetooth.o
 .debug_line    0x000055cd      0x1ec src\LEDTest.o
 .debug_line    0x000057b9      0x24c src\Motor.o
 .debug_line    0x00005a05      0x1c4 src\STM32F4-Discovery_callback.o
 .debug_line    0x00005bc9      0x38f src\main.o
 .debug_line    0x00005f58       0x77 src\startup_stm32f4xx.o
 .debug_line    0x00005fcf      0x1f4 src\stm32f4xx_it.o
 .debug_line    0x000061c3      0x219 src\system_stm32f4xx.o

.debug_str      0x00000000     0x49a5
 .debug_str     0x00000000      0x6c2 FreeRTOS_Source\list.o
                                0x747 (size before relaxing)
 .debug_str     0x000006c2      0x26d FreeRTOS_Source\portable\GCC\ARM_CM4F\port.o
                                0x45f (size before relaxing)
 .debug_str     0x0000092f       0xcc FreeRTOS_Source\portable\MemMang\heap_1.o
                                0x6eb (size before relaxing)
 .debug_str     0x000009fb      0x555 FreeRTOS_Source\queue.o
                                0xc8d (size before relaxing)
 .debug_str     0x00000f50      0x9da FreeRTOS_Source\tasks.o
                               0x11fb (size before relaxing)
 .debug_str     0x0000192a      0x41c FreeRTOS_Source\timers.o
                                0xb85 (size before relaxing)
 .debug_str     0x00001d46      0x28a Libraries\STM32F4xx_StdPeriph_Driver\src\misc.o
                                0x45b (size before relaxing)
 .debug_str     0x00001fd0      0x298 Libraries\STM32F4xx_StdPeriph_Driver\src\stm32f4xx_dac.o
                                0x4e0 (size before relaxing)
 .debug_str     0x00002268      0x37e Libraries\STM32F4xx_StdPeriph_Driver\src\stm32f4xx_dma.o
                                0x5cf (size before relaxing)
 .debug_str     0x000025e6      0x1c0 Libraries\STM32F4xx_StdPeriph_Driver\src\stm32f4xx_exti.o
                                0x3e6 (size before relaxing)
 .debug_str     0x000027a6      0x2ff Libraries\STM32F4xx_StdPeriph_Driver\src\stm32f4xx_gpio.o
                                0x530 (size before relaxing)
 .debug_str     0x00002aa5      0x63c Libraries\STM32F4xx_StdPeriph_Driver\src\stm32f4xx_rcc.o
                                0x8dd (size before relaxing)
 .debug_str     0x000030e1      0x3a7 Libraries\STM32F4xx_StdPeriph_Driver\src\stm32f4xx_spi.o
                                0x717 (size before relaxing)
 .debug_str     0x00003488      0x156 Libraries\STM32F4xx_StdPeriph_Driver\src\stm32f4xx_syscfg.o
                                0x381 (size before relaxing)
 .debug_str     0x000035de      0x423 Libraries\STM32F4xx_StdPeriph_Driver\src\stm32f4xx_usart.o
                                0x71c (size before relaxing)
 .debug_str     0x00003a01      0x6d3 Utilities\STM32F4-Discovery\stm32f4_discovery.o
                                0xbb6 (size before relaxing)
 .debug_str     0x000040d4      0x4f4 Utilities\STM32F4-Discovery\stm32f4_discovery_audio_codec.o
                               0x10f1 (size before relaxing)
 .debug_str     0x000045c8       0x6a src\Bluetooth.o
                                0xeb6 (size before relaxing)
 .debug_str     0x00004632       0x11 src\LEDTest.o
                                0x23e (size before relaxing)
 .debug_str     0x00004643       0x6d src\Motor.o
                                0x3fe (size before relaxing)
 .debug_str     0x000046b0       0x84 src\STM32F4-Discovery_callback.o
                                0x27b (size before relaxing)
 .debug_str     0x00004734      0x16e src\main.o
                                0x8d5 (size before relaxing)
 .debug_str     0x000048a2       0x7b src\stm32f4xx_it.o
                                0x251 (size before relaxing)
 .debug_str     0x0000491d       0x88 src\system_stm32f4xx.o
                                0x408 (size before relaxing)

.comment        0x00000000       0x7c
 .comment       0x00000000       0x7c FreeRTOS_Source\list.o
                                 0x7d (size before relaxing)
 .comment       0x0000007c       0x7d FreeRTOS_Source\portable\GCC\ARM_CM4F\port.o
 .comment       0x0000007c       0x7d FreeRTOS_Source\portable\MemMang\heap_1.o
 .comment       0x0000007c       0x7d FreeRTOS_Source\queue.o
 .comment       0x0000007c       0x7d FreeRTOS_Source\tasks.o
 .comment       0x0000007c       0x7d FreeRTOS_Source\timers.o
 .comment       0x0000007c       0x7d Libraries\STM32F4xx_StdPeriph_Driver\src\misc.o
 .comment       0x0000007c       0x7d Libraries\STM32F4xx_StdPeriph_Driver\src\stm32f4xx_dac.o
 .comment       0x0000007c       0x7d Libraries\STM32F4xx_StdPeriph_Driver\src\stm32f4xx_dma.o
 .comment       0x0000007c       0x7d Libraries\STM32F4xx_StdPeriph_Driver\src\stm32f4xx_exti.o
 .comment       0x0000007c       0x7d Libraries\STM32F4xx_StdPeriph_Driver\src\stm32f4xx_gpio.o
 .comment       0x0000007c       0x7d Libraries\STM32F4xx_StdPeriph_Driver\src\stm32f4xx_rcc.o
 .comment       0x0000007c       0x7d Libraries\STM32F4xx_StdPeriph_Driver\src\stm32f4xx_spi.o
 .comment       0x0000007c       0x7d Libraries\STM32F4xx_StdPeriph_Driver\src\stm32f4xx_syscfg.o
 .comment       0x0000007c       0x7d Libraries\STM32F4xx_StdPeriph_Driver\src\stm32f4xx_usart.o
 .comment       0x0000007c       0x7d Utilities\STM32F4-Discovery\stm32f4_discovery.o
 .comment       0x0000007c       0x7d Utilities\STM32F4-Discovery\stm32f4_discovery_audio_codec.o
 .comment       0x0000007c       0x7d src\Bluetooth.o
 .comment       0x0000007c       0x7d src\LEDTest.o
 .comment       0x0000007c       0x7d src\Motor.o
 .comment       0x0000007c       0x7d src\STM32F4-Discovery_callback.o
 .comment       0x0000007c       0x7d src\main.o
 .comment       0x0000007c       0x7d src\stm32f4xx_it.o
 .comment       0x0000007c       0x7d src\system_stm32f4xx.o

.debug_frame    0x00000000     0x364c
 .debug_frame   0x00000000       0xd8 FreeRTOS_Source\list.o
 .debug_frame   0x000000d8      0x19c FreeRTOS_Source\portable\GCC\ARM_CM4F\port.o
 .debug_frame   0x00000274       0x9c FreeRTOS_Source\portable\MemMang\heap_1.o
 .debug_frame   0x00000310      0x448 FreeRTOS_Source\queue.o
 .debug_frame   0x00000758      0x700 FreeRTOS_Source\tasks.o
 .debug_frame   0x00000e58      0x2f0 FreeRTOS_Source\timers.o
 .debug_frame   0x00001148       0xd8 Libraries\STM32F4xx_StdPeriph_Driver\src\misc.o
 .debug_frame   0x00001220      0x2ac Libraries\STM32F4xx_StdPeriph_Driver\src\stm32f4xx_dac.o
 .debug_frame   0x000014cc      0x308 Libraries\STM32F4xx_StdPeriph_Driver\src\stm32f4xx_dma.o
 .debug_frame   0x000017d4      0x148 Libraries\STM32F4xx_StdPeriph_Driver\src\stm32f4xx_exti.o
 .debug_frame   0x0000191c      0x23c Libraries\STM32F4xx_StdPeriph_Driver\src\stm32f4xx_gpio.o
 .debug_frame   0x00001b58      0x6d4 Libraries\STM32F4xx_StdPeriph_Driver\src\stm32f4xx_rcc.o
 .debug_frame   0x0000222c      0x3f4 Libraries\STM32F4xx_StdPeriph_Driver\src\stm32f4xx_spi.o
 .debug_frame   0x00002620       0xf4 Libraries\STM32F4xx_StdPeriph_Driver\src\stm32f4xx_syscfg.o
 .debug_frame   0x00002714      0x490 Libraries\STM32F4xx_StdPeriph_Driver\src\stm32f4xx_usart.o
 .debug_frame   0x00002ba4       0xf4 Utilities\STM32F4-Discovery\stm32f4_discovery.o
 .debug_frame   0x00002c98      0x4bc Utilities\STM32F4-Discovery\stm32f4_discovery_audio_codec.o
 .debug_frame   0x00003154       0x58 src\Bluetooth.o
 .debug_frame   0x000031ac       0x74 src\LEDTest.o
 .debug_frame   0x00003220       0xdc src\Motor.o
 .debug_frame   0x000032fc       0x70 src\STM32F4-Discovery_callback.o
 .debug_frame   0x0000336c      0x140 src\main.o
 .debug_frame   0x000034ac       0xb0 src\stm32f4xx_it.o
 .debug_frame   0x0000355c       0x7c src\system_stm32f4xx.o
 .debug_frame   0x000035d8       0x2c c:/program files (x86)/atollic/truestudio for stm32 9.0.1/armtools/bin/../lib/gcc/arm-atollic-eabi/6.3.1/../../../../arm-atollic-eabi/lib/armv7e-m/softfp\libc_nano.a(lib_a-init.o)
 .debug_frame   0x00003604       0x28 c:/program files (x86)/atollic/truestudio for stm32 9.0.1/armtools/bin/../lib/gcc/arm-atollic-eabi/6.3.1/../../../../arm-atollic-eabi/lib/armv7e-m/softfp\libc_nano.a(lib_a-memcpy-stub.o)
 .debug_frame   0x0000362c       0x20 c:/program files (x86)/atollic/truestudio for stm32 9.0.1/armtools/bin/../lib/gcc/arm-atollic-eabi/6.3.1/../../../../arm-atollic-eabi/lib/armv7e-m/softfp\libc_nano.a(lib_a-memset.o)

.stabstr        0x00000000       0x3f
 .stabstr       0x00000000       0x3f c:/program files (x86)/atollic/truestudio for stm32 9.0.1/armtools/bin/../lib/gcc/arm-atollic-eabi/6.3.1/../../../../arm-atollic-eabi/lib/armv7e-m/softfp\libnosys.a(write.o)

Cross Reference Table

Symbol                                            File
ADC_AnalogWatchdogCmd                             Libraries\STM32F4xx_StdPeriph_Driver\src\stm32f4xx_adc.o
ADC_AnalogWatchdogSingleChannelConfig             Libraries\STM32F4xx_StdPeriph_Driver\src\stm32f4xx_adc.o
ADC_AnalogWatchdogThresholdsConfig                Libraries\STM32F4xx_StdPeriph_Driver\src\stm32f4xx_adc.o
ADC_AutoInjectedConvCmd                           Libraries\STM32F4xx_StdPeriph_Driver\src\stm32f4xx_adc.o
ADC_ClearFlag                                     Libraries\STM32F4xx_StdPeriph_Driver\src\stm32f4xx_adc.o
ADC_ClearITPendingBit                             Libraries\STM32F4xx_StdPeriph_Driver\src\stm32f4xx_adc.o
ADC_Cmd                                           Libraries\STM32F4xx_StdPeriph_Driver\src\stm32f4xx_adc.o
ADC_CommonInit                                    Libraries\STM32F4xx_StdPeriph_Driver\src\stm32f4xx_adc.o
ADC_CommonStructInit                              Libraries\STM32F4xx_StdPeriph_Driver\src\stm32f4xx_adc.o
ADC_ContinuousModeCmd                             Libraries\STM32F4xx_StdPeriph_Driver\src\stm32f4xx_adc.o
ADC_DMACmd                                        Libraries\STM32F4xx_StdPeriph_Driver\src\stm32f4xx_adc.o
ADC_DMARequestAfterLastTransferCmd                Libraries\STM32F4xx_StdPeriph_Driver\src\stm32f4xx_adc.o
ADC_DeInit                                        Libraries\STM32F4xx_StdPeriph_Driver\src\stm32f4xx_adc.o
ADC_DiscModeChannelCountConfig                    Libraries\STM32F4xx_StdPeriph_Driver\src\stm32f4xx_adc.o
ADC_DiscModeCmd                                   Libraries\STM32F4xx_StdPeriph_Driver\src\stm32f4xx_adc.o
ADC_EOCOnEachRegularChannelCmd                    Libraries\STM32F4xx_StdPeriph_Driver\src\stm32f4xx_adc.o
ADC_ExternalTrigInjectedConvConfig                Libraries\STM32F4xx_StdPeriph_Driver\src\stm32f4xx_adc.o
ADC_ExternalTrigInjectedConvEdgeConfig            Libraries\STM32F4xx_StdPeriph_Driver\src\stm32f4xx_adc.o
ADC_GetConversionValue                            Libraries\STM32F4xx_StdPeriph_Driver\src\stm32f4xx_adc.o
ADC_GetFlagStatus                                 Libraries\STM32F4xx_StdPeriph_Driver\src\stm32f4xx_adc.o
ADC_GetITStatus                                   Libraries\STM32F4xx_StdPeriph_Driver\src\stm32f4xx_adc.o
ADC_GetInjectedConversionValue                    Libraries\STM32F4xx_StdPeriph_Driver\src\stm32f4xx_adc.o
ADC_GetMultiModeConversionValue                   Libraries\STM32F4xx_StdPeriph_Driver\src\stm32f4xx_adc.o
ADC_GetSoftwareStartConvStatus                    Libraries\STM32F4xx_StdPeriph_Driver\src\stm32f4xx_adc.o
ADC_GetSoftwareStartInjectedConvCmdStatus         Libraries\STM32F4xx_StdPeriph_Driver\src\stm32f4xx_adc.o
ADC_IRQHandler                                    src\startup_stm32f4xx.o
ADC_ITConfig                                      Libraries\STM32F4xx_StdPeriph_Driver\src\stm32f4xx_adc.o
ADC_Init                                          Libraries\STM32F4xx_StdPeriph_Driver\src\stm32f4xx_adc.o
ADC_InjectedChannelConfig                         Libraries\STM32F4xx_StdPeriph_Driver\src\stm32f4xx_adc.o
ADC_InjectedDiscModeCmd                           Libraries\STM32F4xx_StdPeriph_Driver\src\stm32f4xx_adc.o
ADC_InjectedSequencerLengthConfig                 Libraries\STM32F4xx_StdPeriph_Driver\src\stm32f4xx_adc.o
ADC_MultiModeDMARequestAfterLastTransferCmd       Libraries\STM32F4xx_StdPeriph_Driver\src\stm32f4xx_adc.o
ADC_RegularChannelConfig                          Libraries\STM32F4xx_StdPeriph_Driver\src\stm32f4xx_adc.o
ADC_SetInjectedOffset                             Libraries\STM32F4xx_StdPeriph_Driver\src\stm32f4xx_adc.o
ADC_SoftwareStartConv                             Libraries\STM32F4xx_StdPeriph_Driver\src\stm32f4xx_adc.o
ADC_SoftwareStartInjectedConv                     Libraries\STM32F4xx_StdPeriph_Driver\src\stm32f4xx_adc.o
ADC_StructInit                                    Libraries\STM32F4xx_StdPeriph_Driver\src\stm32f4xx_adc.o
ADC_TempSensorVrefintCmd                          Libraries\STM32F4xx_StdPeriph_Driver\src\stm32f4xx_adc.o
ADC_VBATCmd                                       Libraries\STM32F4xx_StdPeriph_Driver\src\stm32f4xx_adc.o
AHBPrescTable                                     src\system_stm32f4xx.o
AUDIO_MAL_DMA_CHANNEL                             Utilities\STM32F4-Discovery\stm32f4_discovery_audio_codec.o
AUDIO_MAL_DMA_CLOCK                               Utilities\STM32F4-Discovery\stm32f4_discovery_audio_codec.o
AUDIO_MAL_DMA_DREG                                Utilities\STM32F4-Discovery\stm32f4_discovery_audio_codec.o
AUDIO_MAL_DMA_FLAG_DME                            Utilities\STM32F4-Discovery\stm32f4_discovery_audio_codec.o
AUDIO_MAL_DMA_FLAG_FE                             Utilities\STM32F4-Discovery\stm32f4_discovery_audio_codec.o
AUDIO_MAL_DMA_FLAG_HT                             Utilities\STM32F4-Discovery\stm32f4_discovery_audio_codec.o
AUDIO_MAL_DMA_FLAG_TC                             Utilities\STM32F4-Discovery\stm32f4_discovery_audio_codec.o
AUDIO_MAL_DMA_FLAG_TE                             Utilities\STM32F4-Discovery\stm32f4_discovery_audio_codec.o
AUDIO_MAL_DMA_IRQ                                 Utilities\STM32F4-Discovery\stm32f4_discovery_audio_codec.o
AUDIO_MAL_DMA_InitStructure                       Utilities\STM32F4-Discovery\stm32f4_discovery_audio_codec.o
AUDIO_MAL_DMA_STREAM                              Utilities\STM32F4-Discovery\stm32f4_discovery_audio_codec.o
AudioRemSize                                      Utilities\STM32F4-Discovery\stm32f4_discovery_audio_codec.o
AudioTotalSize                                    Utilities\STM32F4-Discovery\stm32f4_discovery_audio_codec.o
Audio_MAL_Play                                    Utilities\STM32F4-Discovery\stm32f4_discovery_audio_codec.o
BUTTON_CLK                                        Utilities\STM32F4-Discovery\stm32f4_discovery.o
BUTTON_EXTI_LINE                                  Utilities\STM32F4-Discovery\stm32f4_discovery.o
BUTTON_IRQn                                       Utilities\STM32F4-Discovery\stm32f4_discovery.o
BUTTON_PIN                                        Utilities\STM32F4-Discovery\stm32f4_discovery.o
BUTTON_PIN_SOURCE                                 Utilities\STM32F4-Discovery\stm32f4_discovery.o
BUTTON_PORT                                       Utilities\STM32F4-Discovery\stm32f4_discovery.o
BUTTON_PORT_SOURCE                                Utilities\STM32F4-Discovery\stm32f4_discovery.o
BusFault_Handler                                  src\stm32f4xx_it.o
                                                  src\startup_stm32f4xx.o
CAN1_RX0_IRQHandler                               src\startup_stm32f4xx.o
CAN1_RX1_IRQHandler                               src\startup_stm32f4xx.o
CAN1_SCE_IRQHandler                               src\startup_stm32f4xx.o
CAN1_TX_IRQHandler                                src\startup_stm32f4xx.o
CAN2_RX0_IRQHandler                               src\startup_stm32f4xx.o
CAN2_RX1_IRQHandler                               src\startup_stm32f4xx.o
CAN2_SCE_IRQHandler                               src\startup_stm32f4xx.o
CAN2_TX_IRQHandler                                src\startup_stm32f4xx.o
CAN_CancelTransmit                                Libraries\STM32F4xx_StdPeriph_Driver\src\stm32f4xx_can.o
CAN_ClearFlag                                     Libraries\STM32F4xx_StdPeriph_Driver\src\stm32f4xx_can.o
CAN_ClearITPendingBit                             Libraries\STM32F4xx_StdPeriph_Driver\src\stm32f4xx_can.o
CAN_DBGFreeze                                     Libraries\STM32F4xx_StdPeriph_Driver\src\stm32f4xx_can.o
CAN_DeInit                                        Libraries\STM32F4xx_StdPeriph_Driver\src\stm32f4xx_can.o
CAN_FIFORelease                                   Libraries\STM32F4xx_StdPeriph_Driver\src\stm32f4xx_can.o
CAN_FilterInit                                    Libraries\STM32F4xx_StdPeriph_Driver\src\stm32f4xx_can.o
CAN_GetFlagStatus                                 Libraries\STM32F4xx_StdPeriph_Driver\src\stm32f4xx_can.o
CAN_GetITStatus                                   Libraries\STM32F4xx_StdPeriph_Driver\src\stm32f4xx_can.o
CAN_GetLSBTransmitErrorCounter                    Libraries\STM32F4xx_StdPeriph_Driver\src\stm32f4xx_can.o
CAN_GetLastErrorCode                              Libraries\STM32F4xx_StdPeriph_Driver\src\stm32f4xx_can.o
CAN_GetReceiveErrorCounter                        Libraries\STM32F4xx_StdPeriph_Driver\src\stm32f4xx_can.o
CAN_ITConfig                                      Libraries\STM32F4xx_StdPeriph_Driver\src\stm32f4xx_can.o
CAN_Init                                          Libraries\STM32F4xx_StdPeriph_Driver\src\stm32f4xx_can.o
CAN_MessagePending                                Libraries\STM32F4xx_StdPeriph_Driver\src\stm32f4xx_can.o
CAN_OperatingModeRequest                          Libraries\STM32F4xx_StdPeriph_Driver\src\stm32f4xx_can.o
CAN_Receive                                       Libraries\STM32F4xx_StdPeriph_Driver\src\stm32f4xx_can.o
CAN_SlaveStartBank                                Libraries\STM32F4xx_StdPeriph_Driver\src\stm32f4xx_can.o
CAN_Sleep                                         Libraries\STM32F4xx_StdPeriph_Driver\src\stm32f4xx_can.o
CAN_StructInit                                    Libraries\STM32F4xx_StdPeriph_Driver\src\stm32f4xx_can.o
CAN_TTComModeCmd                                  Libraries\STM32F4xx_StdPeriph_Driver\src\stm32f4xx_can.o
CAN_Transmit                                      Libraries\STM32F4xx_StdPeriph_Driver\src\stm32f4xx_can.o
CAN_TransmitStatus                                Libraries\STM32F4xx_StdPeriph_Driver\src\stm32f4xx_can.o
CAN_WakeUp                                        Libraries\STM32F4xx_StdPeriph_Driver\src\stm32f4xx_can.o
CODECTimeout                                      Utilities\STM32F4-Discovery\stm32f4_discovery_audio_codec.o
CRC_CalcBlockCRC                                  Libraries\STM32F4xx_StdPeriph_Driver\src\stm32f4xx_crc.o
CRC_CalcCRC                                       Libraries\STM32F4xx_StdPeriph_Driver\src\stm32f4xx_crc.o
CRC_GetCRC                                        Libraries\STM32F4xx_StdPeriph_Driver\src\stm32f4xx_crc.o
CRC_GetIDRegister                                 Libraries\STM32F4xx_StdPeriph_Driver\src\stm32f4xx_crc.o
CRC_ResetDR                                       Libraries\STM32F4xx_StdPeriph_Driver\src\stm32f4xx_crc.o
CRC_SetIDRegister                                 Libraries\STM32F4xx_StdPeriph_Driver\src\stm32f4xx_crc.o
CRYP_AES_CBC                                      Libraries\STM32F4xx_StdPeriph_Driver\src\stm32f4xx_cryp_aes.o
CRYP_AES_CTR                                      Libraries\STM32F4xx_StdPeriph_Driver\src\stm32f4xx_cryp_aes.o
CRYP_AES_ECB                                      Libraries\STM32F4xx_StdPeriph_Driver\src\stm32f4xx_cryp_aes.o
CRYP_Cmd                                          Libraries\STM32F4xx_StdPeriph_Driver\src\stm32f4xx_cryp.o
                                                  Libraries\STM32F4xx_StdPeriph_Driver\src\stm32f4xx_cryp_tdes.o
                                                  Libraries\STM32F4xx_StdPeriph_Driver\src\stm32f4xx_cryp_des.o
                                                  Libraries\STM32F4xx_StdPeriph_Driver\src\stm32f4xx_cryp_aes.o
CRYP_DES_CBC                                      Libraries\STM32F4xx_StdPeriph_Driver\src\stm32f4xx_cryp_des.o
CRYP_DES_ECB                                      Libraries\STM32F4xx_StdPeriph_Driver\src\stm32f4xx_cryp_des.o
CRYP_DMACmd                                       Libraries\STM32F4xx_StdPeriph_Driver\src\stm32f4xx_cryp.o
CRYP_DataIn                                       Libraries\STM32F4xx_StdPeriph_Driver\src\stm32f4xx_cryp.o
                                                  Libraries\STM32F4xx_StdPeriph_Driver\src\stm32f4xx_cryp_tdes.o
                                                  Libraries\STM32F4xx_StdPeriph_Driver\src\stm32f4xx_cryp_des.o
                                                  Libraries\STM32F4xx_StdPeriph_Driver\src\stm32f4xx_cryp_aes.o
CRYP_DataOut                                      Libraries\STM32F4xx_StdPeriph_Driver\src\stm32f4xx_cryp.o
                                                  Libraries\STM32F4xx_StdPeriph_Driver\src\stm32f4xx_cryp_tdes.o
                                                  Libraries\STM32F4xx_StdPeriph_Driver\src\stm32f4xx_cryp_des.o
                                                  Libraries\STM32F4xx_StdPeriph_Driver\src\stm32f4xx_cryp_aes.o
CRYP_DeInit                                       Libraries\STM32F4xx_StdPeriph_Driver\src\stm32f4xx_cryp.o
CRYP_FIFOFlush                                    Libraries\STM32F4xx_StdPeriph_Driver\src\stm32f4xx_cryp.o
                                                  Libraries\STM32F4xx_StdPeriph_Driver\src\stm32f4xx_cryp_tdes.o
                                                  Libraries\STM32F4xx_StdPeriph_Driver\src\stm32f4xx_cryp_des.o
                                                  Libraries\STM32F4xx_StdPeriph_Driver\src\stm32f4xx_cryp_aes.o
CRYP_GetFlagStatus                                Libraries\STM32F4xx_StdPeriph_Driver\src\stm32f4xx_cryp.o
                                                  Libraries\STM32F4xx_StdPeriph_Driver\src\stm32f4xx_cryp_tdes.o
                                                  Libraries\STM32F4xx_StdPeriph_Driver\src\stm32f4xx_cryp_des.o
                                                  Libraries\STM32F4xx_StdPeriph_Driver\src\stm32f4xx_cryp_aes.o
CRYP_GetITStatus                                  Libraries\STM32F4xx_StdPeriph_Driver\src\stm32f4xx_cryp.o
CRYP_IRQHandler                                   src\startup_stm32f4xx.o
CRYP_ITConfig                                     Libraries\STM32F4xx_StdPeriph_Driver\src\stm32f4xx_cryp.o
CRYP_IVInit                                       Libraries\STM32F4xx_StdPeriph_Driver\src\stm32f4xx_cryp.o
                                                  Libraries\STM32F4xx_StdPeriph_Driver\src\stm32f4xx_cryp_tdes.o
                                                  Libraries\STM32F4xx_StdPeriph_Driver\src\stm32f4xx_cryp_des.o
                                                  Libraries\STM32F4xx_StdPeriph_Driver\src\stm32f4xx_cryp_aes.o
CRYP_IVStructInit                                 Libraries\STM32F4xx_StdPeriph_Driver\src\stm32f4xx_cryp.o
CRYP_Init                                         Libraries\STM32F4xx_StdPeriph_Driver\src\stm32f4xx_cryp.o
                                                  Libraries\STM32F4xx_StdPeriph_Driver\src\stm32f4xx_cryp_tdes.o
                                                  Libraries\STM32F4xx_StdPeriph_Driver\src\stm32f4xx_cryp_des.o
                                                  Libraries\STM32F4xx_StdPeriph_Driver\src\stm32f4xx_cryp_aes.o
CRYP_KeyInit                                      Libraries\STM32F4xx_StdPeriph_Driver\src\stm32f4xx_cryp.o
                                                  Libraries\STM32F4xx_StdPeriph_Driver\src\stm32f4xx_cryp_tdes.o
                                                  Libraries\STM32F4xx_StdPeriph_Driver\src\stm32f4xx_cryp_des.o
                                                  Libraries\STM32F4xx_StdPeriph_Driver\src\stm32f4xx_cryp_aes.o
CRYP_KeyStructInit                                Libraries\STM32F4xx_StdPeriph_Driver\src\stm32f4xx_cryp.o
                                                  Libraries\STM32F4xx_StdPeriph_Driver\src\stm32f4xx_cryp_tdes.o
                                                  Libraries\STM32F4xx_StdPeriph_Driver\src\stm32f4xx_cryp_des.o
                                                  Libraries\STM32F4xx_StdPeriph_Driver\src\stm32f4xx_cryp_aes.o
CRYP_RestoreContext                               Libraries\STM32F4xx_StdPeriph_Driver\src\stm32f4xx_cryp.o
CRYP_SaveContext                                  Libraries\STM32F4xx_StdPeriph_Driver\src\stm32f4xx_cryp.o
CRYP_StructInit                                   Libraries\STM32F4xx_StdPeriph_Driver\src\stm32f4xx_cryp.o
CRYP_TDES_CBC                                     Libraries\STM32F4xx_StdPeriph_Driver\src\stm32f4xx_cryp_tdes.o
CRYP_TDES_ECB                                     Libraries\STM32F4xx_StdPeriph_Driver\src\stm32f4xx_cryp_tdes.o
Codec_TIMEOUT_UserCallback                        Utilities\STM32F4-Discovery\stm32f4_discovery_audio_codec.o
CurrAudioInterface                                Utilities\STM32F4-Discovery\stm32f4_discovery_audio_codec.o
CurrentPos                                        Utilities\STM32F4-Discovery\stm32f4_discovery_audio_codec.o
DAC_ClearFlag                                     Libraries\STM32F4xx_StdPeriph_Driver\src\stm32f4xx_dac.o
DAC_ClearITPendingBit                             Libraries\STM32F4xx_StdPeriph_Driver\src\stm32f4xx_dac.o
DAC_Cmd                                           Libraries\STM32F4xx_StdPeriph_Driver\src\stm32f4xx_dac.o
                                                  Utilities\STM32F4-Discovery\stm32f4_discovery_audio_codec.o
DAC_Config                                        Utilities\STM32F4-Discovery\stm32f4_discovery_audio_codec.o
DAC_DMACmd                                        Libraries\STM32F4xx_StdPeriph_Driver\src\stm32f4xx_dac.o
DAC_DeInit                                        Libraries\STM32F4xx_StdPeriph_Driver\src\stm32f4xx_dac.o
DAC_DualSoftwareTriggerCmd                        Libraries\STM32F4xx_StdPeriph_Driver\src\stm32f4xx_dac.o
DAC_GetDataOutputValue                            Libraries\STM32F4xx_StdPeriph_Driver\src\stm32f4xx_dac.o
DAC_GetFlagStatus                                 Libraries\STM32F4xx_StdPeriph_Driver\src\stm32f4xx_dac.o
DAC_GetITStatus                                   Libraries\STM32F4xx_StdPeriph_Driver\src\stm32f4xx_dac.o
DAC_ITConfig                                      Libraries\STM32F4xx_StdPeriph_Driver\src\stm32f4xx_dac.o
DAC_Init                                          Libraries\STM32F4xx_StdPeriph_Driver\src\stm32f4xx_dac.o
                                                  Utilities\STM32F4-Discovery\stm32f4_discovery_audio_codec.o
DAC_SetChannel1Data                               Libraries\STM32F4xx_StdPeriph_Driver\src\stm32f4xx_dac.o
                                                  Utilities\STM32F4-Discovery\stm32f4_discovery_audio_codec.o
DAC_SetChannel2Data                               Libraries\STM32F4xx_StdPeriph_Driver\src\stm32f4xx_dac.o
DAC_SetDualChannelData                            Libraries\STM32F4xx_StdPeriph_Driver\src\stm32f4xx_dac.o
DAC_SoftwareTriggerCmd                            Libraries\STM32F4xx_StdPeriph_Driver\src\stm32f4xx_dac.o
DAC_StructInit                                    Libraries\STM32F4xx_StdPeriph_Driver\src\stm32f4xx_dac.o
DAC_WaveGenerationCmd                             Libraries\STM32F4xx_StdPeriph_Driver\src\stm32f4xx_dac.o
DBGMCU_APB1PeriphConfig                           Libraries\STM32F4xx_StdPeriph_Driver\src\stm32f4xx_dbgmcu.o
DBGMCU_APB2PeriphConfig                           Libraries\STM32F4xx_StdPeriph_Driver\src\stm32f4xx_dbgmcu.o
DBGMCU_Config                                     Libraries\STM32F4xx_StdPeriph_Driver\src\stm32f4xx_dbgmcu.o
DBGMCU_GetDEVID                                   Libraries\STM32F4xx_StdPeriph_Driver\src\stm32f4xx_dbgmcu.o
DBGMCU_GetREVID                                   Libraries\STM32F4xx_StdPeriph_Driver\src\stm32f4xx_dbgmcu.o
DCMI_CROPCmd                                      Libraries\STM32F4xx_StdPeriph_Driver\src\stm32f4xx_dcmi.o
DCMI_CROPConfig                                   Libraries\STM32F4xx_StdPeriph_Driver\src\stm32f4xx_dcmi.o
DCMI_CaptureCmd                                   Libraries\STM32F4xx_StdPeriph_Driver\src\stm32f4xx_dcmi.o
DCMI_ClearFlag                                    Libraries\STM32F4xx_StdPeriph_Driver\src\stm32f4xx_dcmi.o
DCMI_ClearITPendingBit                            Libraries\STM32F4xx_StdPeriph_Driver\src\stm32f4xx_dcmi.o
DCMI_Cmd                                          Libraries\STM32F4xx_StdPeriph_Driver\src\stm32f4xx_dcmi.o
DCMI_DeInit                                       Libraries\STM32F4xx_StdPeriph_Driver\src\stm32f4xx_dcmi.o
DCMI_GetFlagStatus                                Libraries\STM32F4xx_StdPeriph_Driver\src\stm32f4xx_dcmi.o
DCMI_GetITStatus                                  Libraries\STM32F4xx_StdPeriph_Driver\src\stm32f4xx_dcmi.o
DCMI_IRQHandler                                   src\startup_stm32f4xx.o
DCMI_ITConfig                                     Libraries\STM32F4xx_StdPeriph_Driver\src\stm32f4xx_dcmi.o
DCMI_Init                                         Libraries\STM32F4xx_StdPeriph_Driver\src\stm32f4xx_dcmi.o
DCMI_JPEGCmd                                      Libraries\STM32F4xx_StdPeriph_Driver\src\stm32f4xx_dcmi.o
DCMI_ReadData                                     Libraries\STM32F4xx_StdPeriph_Driver\src\stm32f4xx_dcmi.o
DCMI_SetEmbeddedSynchroCodes                      Libraries\STM32F4xx_StdPeriph_Driver\src\stm32f4xx_dcmi.o
DCMI_StructInit                                   Libraries\STM32F4xx_StdPeriph_Driver\src\stm32f4xx_dcmi.o
DMA1_Stream0_IRQHandler                           Utilities\STM32F4-Discovery\stm32f4_discovery_audio_codec.o
DMA1_Stream1_IRQHandler                           src\startup_stm32f4xx.o
DMA1_Stream2_IRQHandler                           src\startup_stm32f4xx.o
DMA1_Stream3_IRQHandler                           src\startup_stm32f4xx.o
DMA1_Stream4_IRQHandler                           src\startup_stm32f4xx.o
DMA1_Stream5_IRQHandler                           src\startup_stm32f4xx.o
DMA1_Stream6_IRQHandler                           src\startup_stm32f4xx.o
DMA1_Stream7_IRQHandler                           Utilities\STM32F4-Discovery\stm32f4_discovery_audio_codec.o
DMA2_Stream0_IRQHandler                           src\startup_stm32f4xx.o
DMA2_Stream1_IRQHandler                           src\startup_stm32f4xx.o
DMA2_Stream2_IRQHandler                           src\startup_stm32f4xx.o
DMA2_Stream3_IRQHandler                           src\startup_stm32f4xx.o
DMA2_Stream4_IRQHandler                           src\startup_stm32f4xx.o
DMA2_Stream5_IRQHandler                           src\startup_stm32f4xx.o
DMA2_Stream6_IRQHandler                           src\startup_stm32f4xx.o
DMA2_Stream7_IRQHandler                           src\startup_stm32f4xx.o
DMA_ClearFlag                                     Libraries\STM32F4xx_StdPeriph_Driver\src\stm32f4xx_dma.o
                                                  Utilities\STM32F4-Discovery\stm32f4_discovery_audio_codec.o
DMA_ClearITPendingBit                             Libraries\STM32F4xx_StdPeriph_Driver\src\stm32f4xx_dma.o
DMA_Cmd                                           Libraries\STM32F4xx_StdPeriph_Driver\src\stm32f4xx_dma.o
                                                  Utilities\STM32F4-Discovery\stm32f4_discovery_audio_codec.o
DMA_DeInit                                        Libraries\STM32F4xx_StdPeriph_Driver\src\stm32f4xx_dma.o
                                                  Utilities\STM32F4-Discovery\stm32f4_discovery_audio_codec.o
DMA_DoubleBufferModeCmd                           Libraries\STM32F4xx_StdPeriph_Driver\src\stm32f4xx_dma.o
DMA_DoubleBufferModeConfig                        Libraries\STM32F4xx_StdPeriph_Driver\src\stm32f4xx_dma.o
DMA_FlowControllerConfig                          Libraries\STM32F4xx_StdPeriph_Driver\src\stm32f4xx_dma.o
DMA_GetCmdStatus                                  Libraries\STM32F4xx_StdPeriph_Driver\src\stm32f4xx_dma.o
                                                  Utilities\STM32F4-Discovery\stm32f4_discovery_audio_codec.o
DMA_GetCurrDataCounter                            Libraries\STM32F4xx_StdPeriph_Driver\src\stm32f4xx_dma.o
DMA_GetCurrentMemoryTarget                        Libraries\STM32F4xx_StdPeriph_Driver\src\stm32f4xx_dma.o
DMA_GetFIFOStatus                                 Libraries\STM32F4xx_StdPeriph_Driver\src\stm32f4xx_dma.o
DMA_GetFlagStatus                                 Libraries\STM32F4xx_StdPeriph_Driver\src\stm32f4xx_dma.o
                                                  Utilities\STM32F4-Discovery\stm32f4_discovery_audio_codec.o
DMA_GetITStatus                                   Libraries\STM32F4xx_StdPeriph_Driver\src\stm32f4xx_dma.o
DMA_ITConfig                                      Libraries\STM32F4xx_StdPeriph_Driver\src\stm32f4xx_dma.o
                                                  Utilities\STM32F4-Discovery\stm32f4_discovery_audio_codec.o
DMA_Init                                          Libraries\STM32F4xx_StdPeriph_Driver\src\stm32f4xx_dma.o
                                                  Utilities\STM32F4-Discovery\stm32f4_discovery_audio_codec.o
DMA_InitStructure                                 Utilities\STM32F4-Discovery\stm32f4_discovery_audio_codec.o
DMA_MemoryTargetConfig                            Libraries\STM32F4xx_StdPeriph_Driver\src\stm32f4xx_dma.o
DMA_PeriphIncOffsetSizeConfig                     Libraries\STM32F4xx_StdPeriph_Driver\src\stm32f4xx_dma.o
DMA_SetCurrDataCounter                            Libraries\STM32F4xx_StdPeriph_Driver\src\stm32f4xx_dma.o
DMA_StructInit                                    Libraries\STM32F4xx_StdPeriph_Driver\src\stm32f4xx_dma.o
DebugMon_Handler                                  src\stm32f4xx_it.o
                                                  src\startup_stm32f4xx.o
Default_Handler                                   src\startup_stm32f4xx.o
ETH_IRQHandler                                    src\startup_stm32f4xx.o
ETH_WKUP_IRQHandler                               src\startup_stm32f4xx.o
EVAL_AUDIO_DeInit                                 Utilities\STM32F4-Discovery\stm32f4_discovery_audio_codec.o
EVAL_AUDIO_GetSampleCallBack                      src\STM32F4-Discovery_callback.o
                                                  Utilities\STM32F4-Discovery\stm32f4_discovery_audio_codec.o
EVAL_AUDIO_Init                                   Utilities\STM32F4-Discovery\stm32f4_discovery_audio_codec.o
EVAL_AUDIO_Mute                                   Utilities\STM32F4-Discovery\stm32f4_discovery_audio_codec.o
EVAL_AUDIO_PauseResume                            Utilities\STM32F4-Discovery\stm32f4_discovery_audio_codec.o
EVAL_AUDIO_Play                                   Utilities\STM32F4-Discovery\stm32f4_discovery_audio_codec.o
EVAL_AUDIO_SetAudioInterface                      Utilities\STM32F4-Discovery\stm32f4_discovery_audio_codec.o
EVAL_AUDIO_Stop                                   Utilities\STM32F4-Discovery\stm32f4_discovery_audio_codec.o
EVAL_AUDIO_TransferComplete_CallBack              src\STM32F4-Discovery_callback.o
                                                  Utilities\STM32F4-Discovery\stm32f4_discovery_audio_codec.o
EVAL_AUDIO_VolumeCtl                              Utilities\STM32F4-Discovery\stm32f4_discovery_audio_codec.o
EXTI0_IRQHandler                                  src\startup_stm32f4xx.o
EXTI15_10_IRQHandler                              src\startup_stm32f4xx.o
EXTI1_IRQHandler                                  src\startup_stm32f4xx.o
EXTI2_IRQHandler                                  src\startup_stm32f4xx.o
EXTI3_IRQHandler                                  src\startup_stm32f4xx.o
EXTI4_IRQHandler                                  src\startup_stm32f4xx.o
EXTI9_5_IRQHandler                                src\startup_stm32f4xx.o
EXTI_ClearFlag                                    Libraries\STM32F4xx_StdPeriph_Driver\src\stm32f4xx_exti.o
EXTI_ClearITPendingBit                            Libraries\STM32F4xx_StdPeriph_Driver\src\stm32f4xx_exti.o
EXTI_DeInit                                       Libraries\STM32F4xx_StdPeriph_Driver\src\stm32f4xx_exti.o
EXTI_GenerateSWInterrupt                          Libraries\STM32F4xx_StdPeriph_Driver\src\stm32f4xx_exti.o
EXTI_GetFlagStatus                                Libraries\STM32F4xx_StdPeriph_Driver\src\stm32f4xx_exti.o
EXTI_GetITStatus                                  Libraries\STM32F4xx_StdPeriph_Driver\src\stm32f4xx_exti.o
EXTI_Init                                         Libraries\STM32F4xx_StdPeriph_Driver\src\stm32f4xx_exti.o
                                                  Utilities\STM32F4-Discovery\stm32f4_discovery.o
EXTI_StructInit                                   Libraries\STM32F4xx_StdPeriph_Driver\src\stm32f4xx_exti.o
FLASH_ClearFlag                                   Libraries\STM32F4xx_StdPeriph_Driver\src\stm32f4xx_flash.o
FLASH_DataCacheCmd                                Libraries\STM32F4xx_StdPeriph_Driver\src\stm32f4xx_flash.o
FLASH_DataCacheReset                              Libraries\STM32F4xx_StdPeriph_Driver\src\stm32f4xx_flash.o
FLASH_EraseAllSectors                             Libraries\STM32F4xx_StdPeriph_Driver\src\stm32f4xx_flash.o
FLASH_EraseSector                                 Libraries\STM32F4xx_StdPeriph_Driver\src\stm32f4xx_flash.o
FLASH_GetFlagStatus                               Libraries\STM32F4xx_StdPeriph_Driver\src\stm32f4xx_flash.o
FLASH_GetStatus                                   Libraries\STM32F4xx_StdPeriph_Driver\src\stm32f4xx_flash.o
FLASH_IRQHandler                                  src\startup_stm32f4xx.o
FLASH_ITConfig                                    Libraries\STM32F4xx_StdPeriph_Driver\src\stm32f4xx_flash.o
FLASH_InstructionCacheCmd                         Libraries\STM32F4xx_StdPeriph_Driver\src\stm32f4xx_flash.o
FLASH_InstructionCacheReset                       Libraries\STM32F4xx_StdPeriph_Driver\src\stm32f4xx_flash.o
FLASH_Lock                                        Libraries\STM32F4xx_StdPeriph_Driver\src\stm32f4xx_flash.o
FLASH_OB_BORConfig                                Libraries\STM32F4xx_StdPeriph_Driver\src\stm32f4xx_flash.o
FLASH_OB_GetBOR                                   Libraries\STM32F4xx_StdPeriph_Driver\src\stm32f4xx_flash.o
FLASH_OB_GetRDP                                   Libraries\STM32F4xx_StdPeriph_Driver\src\stm32f4xx_flash.o
FLASH_OB_GetUser                                  Libraries\STM32F4xx_StdPeriph_Driver\src\stm32f4xx_flash.o
FLASH_OB_GetWRP                                   Libraries\STM32F4xx_StdPeriph_Driver\src\stm32f4xx_flash.o
FLASH_OB_Launch                                   Libraries\STM32F4xx_StdPeriph_Driver\src\stm32f4xx_flash.o
FLASH_OB_Lock                                     Libraries\STM32F4xx_StdPeriph_Driver\src\stm32f4xx_flash.o